// Jest Snapshot v1, https://goo.gl/fbAQLP

exports[`default render 1`] = `
<button
  class="example-class-name-week-day is-current_month is-highlighted is-not_selectable is-selectable is-start_selection is-today is-weekend"
  data-simple-react-calendar-day="2020-02-09"
  type="button"
  value="2020-02-09"
>
  9
</button>
`;
