// Jest Snapshot v1, https://goo.gl/fbAQLP

exports[`<Week /> #render renders <Week /> 1`] = `
<div
  className="example-class-name-week"
>
  <Day
    blockClassName="example-class-name"
    className="is-current_month is-working_day is-selectable"
    date={"1999-12-27T00:00:00.000-02:00"}
    handleOnClick={[Function]}
    handleOnDisabledClick={[Function]}
    handleOnMouseEnter={[Function]}
    isDisabled={false}
    key="1999-12-27"
  />
  <Day
    blockClassName="example-class-name"
    className="is-current_month is-working_day is-selectable"
    date={"1999-12-28T00:00:00.000-02:00"}
    handleOnClick={[Function]}
    handleOnDisabledClick={[Function]}
    handleOnMouseEnter={[Function]}
    isDisabled={false}
    key="1999-12-28"
  />
  <Day
    blockClassName="example-class-name"
    className="is-current_month is-working_day is-selectable"
    date={"1999-12-29T00:00:00.000-02:00"}
    handleOnClick={[Function]}
    handleOnDisabledClick={[Function]}
    handleOnMouseEnter={[Function]}
    isDisabled={false}
    key="1999-12-29"
  />
  <Day
    blockClassName="example-class-name"
    className="is-current_month is-working_day is-selectable"
    date={"1999-12-30T00:00:00.000-02:00"}
    handleOnClick={[Function]}
    handleOnDisabledClick={[Function]}
    handleOnMouseEnter={[Function]}
    isDisabled={false}
    key="1999-12-30"
  />
  <Day
    blockClassName="example-class-name"
    className="is-current_month is-today is-working_day is-selectable"
    date={"1999-12-31T00:00:00.000-02:00"}
    handleOnClick={[Function]}
    handleOnDisabledClick={[Function]}
    handleOnMouseEnter={[Function]}
    isDisabled={false}
    key="1999-12-31"
  />
  <Day
    blockClassName="example-class-name"
    className="is-next_month is-weekend is-selectable"
    date={"2000-01-01T00:00:00.000-02:00"}
    handleOnClick={[Function]}
    handleOnDisabledClick={[Function]}
    handleOnMouseEnter={[Function]}
    isDisabled={false}
    key="2000-01-01"
  />
  <Day
    blockClassName="example-class-name"
    className="is-next_month is-weekend is-selectable"
    date={"2000-01-02T00:00:00.000-02:00"}
    handleOnClick={[Function]}
    handleOnDisabledClick={[Function]}
    handleOnMouseEnter={[Function]}
    isDisabled={false}
    key="2000-01-02"
  />
</div>
`;
