// Jest Snapshot v1, https://goo.gl/fbAQLP

exports[`DaysOfWeek #render renders <DaysOfWeek /> 1`] = `
<div
  className="calendar-days_of_week"
>
  <DayOfWeek
    blockClassName="calendar"
    day="Mon"
    isWeekend={false}
    key="Mon"
  />
  <DayOfWeek
    blockClassName="calendar"
    day="Tue"
    isWeekend={false}
    key="Tue"
  />
  <DayOfWeek
    blockClassName="calendar"
    day="Wed"
    isWeekend={false}
    key="Wed"
  />
  <DayOfWeek
    blockClassName="calendar"
    day="Thu"
    isWeekend={false}
    key="Thu"
  />
  <DayOfWeek
    blockClassName="calendar"
    day="Fri"
    isWeekend={false}
    key="Fri"
  />
  <DayOfWeek
    blockClassName="calendar"
    day="Sat"
    isWeekend={true}
    key="Sat"
  />
  <DayOfWeek
    blockClassName="calendar"
    day="Sun"
    isWeekend={true}
    key="Sun"
  />
</div>
`;
