// Jest Snapshot v1, https://goo.gl/fbAQLP

exports[`DaysOfWeek #render renders <DaysOfWeek /> 1`] = `
<div
  className="test-class-days_of_week"
>
  <div
    className="test-class-days_of_week_day"
  >
    Tue
  </div>
  <div
    className="test-class-days_of_week_day"
  >
    Wed
  </div>
  <div
    className="test-class-days_of_week_day"
  >
    Thu
  </div>
  <div
    className="test-class-days_of_week_day"
  >
    Fri
  </div>
  <div
    className="test-class-days_of_week_day"
  >
    Sat
  </div>
  <div
    className="test-class-days_of_week_day is-weekend"
  >
    Sun
  </div>
  <div
    className="test-class-days_of_week_day is-weekend"
  >
    Mon
  </div>
</div>
`
