// Jest Snapshot v1, https://goo.gl/fbAQLP

exports[`DaysOfWeek #render renders <DaysOfWeek /> 1`] = `
<div
  className="calendar-days_of_week"
>
  <div
    className="calendar-days_of_week_day"
    key="Mon"
  >
    Mon
  </div>
  <div
    className="calendar-days_of_week_day"
    key="Tue"
  >
    Tue
  </div>
  <div
    className="calendar-days_of_week_day"
    key="Wed"
  >
    Wed
  </div>
  <div
    className="calendar-days_of_week_day"
    key="Thu"
  >
    Thu
  </div>
  <div
    className="calendar-days_of_week_day"
    key="Fri"
  >
    Fri
  </div>
  <div
    className="calendar-days_of_week_day is-weekend"
    key="Sat"
  >
    Sat
  </div>
  <div
    className="calendar-days_of_week_day is-weekend"
    key="Sun"
  >
    Sun
  </div>
</div>
`;
