// Jest Snapshot v1, https://goo.gl/fbAQLP

exports[`Week #render renders <Week /> 1`] = `
<div
  className="example-class-week"
>
  <Day
    ISODate="2015-08-17"
    blockClassName="example-class"
    date={2015-08-17T00:00:00.000Z}
    getDayFormatted={[Function]}
    handleOnClick={[MockFunction]}
    handleOnEnter={[MockFunction]}
    isCurrentMonth={true}
    isDisabled={false}
    isHighlighted={false}
    isMonthNext={false}
    isMonthPrev={false}
    isNonSelectable={false}
    isSelectable={true}
    isSelected={false}
    isSelectionEnd={false}
    isSelectionStart={false}
    isToday={true}
    isWeekend={false}
    isWorkDay={true}
    key="2015-08-17"
  />
  <Day
    ISODate="2015-08-18"
    blockClassName="example-class"
    date={2015-08-18T00:00:00.000Z}
    getDayFormatted={[Function]}
    handleOnClick={[MockFunction]}
    handleOnEnter={[MockFunction]}
    isCurrentMonth={true}
    isDisabled={false}
    isHighlighted={false}
    isMonthNext={false}
    isMonthPrev={false}
    isNonSelectable={false}
    isSelectable={true}
    isSelected={false}
    isSelectionEnd={false}
    isSelectionStart={false}
    isToday={false}
    isWeekend={false}
    isWorkDay={true}
    key="2015-08-18"
  />
  <Day
    ISODate="2015-08-19"
    blockClassName="example-class"
    date={2015-08-19T00:00:00.000Z}
    getDayFormatted={[Function]}
    handleOnClick={[MockFunction]}
    handleOnEnter={[MockFunction]}
    isCurrentMonth={true}
    isDisabled={false}
    isHighlighted={false}
    isMonthNext={false}
    isMonthPrev={false}
    isNonSelectable={false}
    isSelectable={true}
    isSelected={false}
    isSelectionEnd={false}
    isSelectionStart={false}
    isToday={false}
    isWeekend={false}
    isWorkDay={true}
    key="2015-08-19"
  />
  <Day
    ISODate="2015-08-20"
    blockClassName="example-class"
    date={2015-08-20T00:00:00.000Z}
    getDayFormatted={[Function]}
    handleOnClick={[MockFunction]}
    handleOnEnter={[MockFunction]}
    isCurrentMonth={true}
    isDisabled={false}
    isHighlighted={false}
    isMonthNext={false}
    isMonthPrev={false}
    isNonSelectable={false}
    isSelectable={true}
    isSelected={false}
    isSelectionEnd={false}
    isSelectionStart={false}
    isToday={false}
    isWeekend={false}
    isWorkDay={true}
    key="2015-08-20"
  />
  <Day
    ISODate="2015-08-21"
    blockClassName="example-class"
    date={2015-08-21T00:00:00.000Z}
    getDayFormatted={[Function]}
    handleOnClick={[MockFunction]}
    handleOnEnter={[MockFunction]}
    isCurrentMonth={true}
    isDisabled={false}
    isHighlighted={false}
    isMonthNext={false}
    isMonthPrev={false}
    isNonSelectable={false}
    isSelectable={true}
    isSelected={false}
    isSelectionEnd={false}
    isSelectionStart={false}
    isToday={false}
    isWeekend={false}
    isWorkDay={true}
    key="2015-08-21"
  />
  <Day
    ISODate="2015-08-22"
    blockClassName="example-class"
    date={2015-08-22T00:00:00.000Z}
    getDayFormatted={[Function]}
    handleOnClick={[MockFunction]}
    handleOnEnter={[MockFunction]}
    isCurrentMonth={true}
    isDisabled={false}
    isHighlighted={false}
    isMonthNext={false}
    isMonthPrev={false}
    isNonSelectable={false}
    isSelectable={true}
    isSelected={false}
    isSelectionEnd={false}
    isSelectionStart={false}
    isToday={false}
    isWeekend={true}
    isWorkDay={false}
    key="2015-08-22"
  />
  <Day
    ISODate="2015-08-23"
    blockClassName="example-class"
    date={2015-08-23T00:00:00.000Z}
    getDayFormatted={[Function]}
    handleOnClick={[MockFunction]}
    handleOnEnter={[MockFunction]}
    isCurrentMonth={true}
    isDisabled={false}
    isHighlighted={false}
    isMonthNext={false}
    isMonthPrev={false}
    isNonSelectable={false}
    isSelectable={true}
    isSelected={false}
    isSelectionEnd={false}
    isSelectionStart={false}
    isToday={false}
    isWeekend={true}
    isWorkDay={false}
    key="2015-08-23"
  />
</div>
`;

exports[`Week #render when prop \`date\` falls in prop \`activeMonth\` renders <Week /> 1`] = `
<div
  className="example-class-week"
>
  <Day
    ISODate="2015-06-29"
    blockClassName="example-class"
    date={2015-06-29T00:00:00.000Z}
    getDayFormatted={[Function]}
    handleOnClick={[MockFunction]}
    handleOnEnter={[MockFunction]}
    isCurrentMonth={true}
    isDisabled={false}
    isHighlighted={false}
    isMonthNext={false}
    isMonthPrev={false}
    isNonSelectable={false}
    isSelectable={true}
    isSelected={false}
    isSelectionEnd={false}
    isSelectionStart={false}
    isToday={false}
    isWeekend={false}
    isWorkDay={true}
    key="2015-06-29"
  />
  <Day
    ISODate="2015-06-30"
    blockClassName="example-class"
    date={2015-06-30T00:00:00.000Z}
    getDayFormatted={[Function]}
    handleOnClick={[MockFunction]}
    handleOnEnter={[MockFunction]}
    isCurrentMonth={true}
    isDisabled={false}
    isHighlighted={false}
    isMonthNext={false}
    isMonthPrev={false}
    isNonSelectable={false}
    isSelectable={true}
    isSelected={false}
    isSelectionEnd={false}
    isSelectionStart={false}
    isToday={false}
    isWeekend={false}
    isWorkDay={true}
    key="2015-06-30"
  />
  <Day
    ISODate="2015-07-01"
    blockClassName="example-class"
    date={2015-07-01T00:00:00.000Z}
    getDayFormatted={[Function]}
    handleOnClick={[MockFunction]}
    handleOnEnter={[MockFunction]}
    isCurrentMonth={false}
    isDisabled={false}
    isHighlighted={false}
    isMonthNext={true}
    isMonthPrev={false}
    isNonSelectable={false}
    isSelectable={true}
    isSelected={false}
    isSelectionEnd={false}
    isSelectionStart={false}
    isToday={false}
    isWeekend={false}
    isWorkDay={true}
    key="2015-07-01"
  />
  <Day
    ISODate="2015-07-02"
    blockClassName="example-class"
    date={2015-07-02T00:00:00.000Z}
    getDayFormatted={[Function]}
    handleOnClick={[MockFunction]}
    handleOnEnter={[MockFunction]}
    isCurrentMonth={false}
    isDisabled={false}
    isHighlighted={false}
    isMonthNext={true}
    isMonthPrev={false}
    isNonSelectable={false}
    isSelectable={true}
    isSelected={false}
    isSelectionEnd={false}
    isSelectionStart={false}
    isToday={false}
    isWeekend={false}
    isWorkDay={true}
    key="2015-07-02"
  />
  <Day
    ISODate="2015-07-03"
    blockClassName="example-class"
    date={2015-07-03T00:00:00.000Z}
    getDayFormatted={[Function]}
    handleOnClick={[MockFunction]}
    handleOnEnter={[MockFunction]}
    isCurrentMonth={false}
    isDisabled={false}
    isHighlighted={false}
    isMonthNext={true}
    isMonthPrev={false}
    isNonSelectable={false}
    isSelectable={true}
    isSelected={false}
    isSelectionEnd={false}
    isSelectionStart={false}
    isToday={false}
    isWeekend={false}
    isWorkDay={true}
    key="2015-07-03"
  />
  <Day
    ISODate="2015-07-04"
    blockClassName="example-class"
    date={2015-07-04T00:00:00.000Z}
    getDayFormatted={[Function]}
    handleOnClick={[MockFunction]}
    handleOnEnter={[MockFunction]}
    isCurrentMonth={false}
    isDisabled={false}
    isHighlighted={false}
    isMonthNext={true}
    isMonthPrev={false}
    isNonSelectable={false}
    isSelectable={true}
    isSelected={false}
    isSelectionEnd={false}
    isSelectionStart={false}
    isToday={false}
    isWeekend={true}
    isWorkDay={false}
    key="2015-07-04"
  />
  <Day
    ISODate="2015-07-05"
    blockClassName="example-class"
    date={2015-07-05T00:00:00.000Z}
    getDayFormatted={[Function]}
    handleOnClick={[MockFunction]}
    handleOnEnter={[MockFunction]}
    isCurrentMonth={false}
    isDisabled={false}
    isHighlighted={false}
    isMonthNext={true}
    isMonthPrev={false}
    isNonSelectable={false}
    isSelectable={true}
    isSelected={false}
    isSelectionEnd={false}
    isSelectionStart={false}
    isToday={false}
    isWeekend={true}
    isWorkDay={false}
    key="2015-07-05"
  />
</div>
`;

exports[`Week #render when prop \`date\` falls in the previous month renders <Week /> 1`] = `
<div
  className="example-class-week"
>
  <Day
    ISODate="2015-07-27"
    blockClassName="example-class"
    date={2015-07-27T00:00:00.000Z}
    getDayFormatted={[Function]}
    handleOnClick={[MockFunction]}
    handleOnEnter={[MockFunction]}
    isCurrentMonth={false}
    isDisabled={false}
    isHighlighted={false}
    isMonthNext={false}
    isMonthPrev={true}
    isNonSelectable={false}
    isSelectable={true}
    isSelected={false}
    isSelectionEnd={false}
    isSelectionStart={false}
    isToday={false}
    isWeekend={false}
    isWorkDay={true}
    key="2015-07-27"
  />
  <Day
    ISODate="2015-07-28"
    blockClassName="example-class"
    date={2015-07-28T00:00:00.000Z}
    getDayFormatted={[Function]}
    handleOnClick={[MockFunction]}
    handleOnEnter={[MockFunction]}
    isCurrentMonth={false}
    isDisabled={false}
    isHighlighted={false}
    isMonthNext={false}
    isMonthPrev={true}
    isNonSelectable={false}
    isSelectable={true}
    isSelected={false}
    isSelectionEnd={false}
    isSelectionStart={false}
    isToday={false}
    isWeekend={false}
    isWorkDay={true}
    key="2015-07-28"
  />
  <Day
    ISODate="2015-07-29"
    blockClassName="example-class"
    date={2015-07-29T00:00:00.000Z}
    getDayFormatted={[Function]}
    handleOnClick={[MockFunction]}
    handleOnEnter={[MockFunction]}
    isCurrentMonth={false}
    isDisabled={false}
    isHighlighted={false}
    isMonthNext={false}
    isMonthPrev={true}
    isNonSelectable={false}
    isSelectable={true}
    isSelected={false}
    isSelectionEnd={false}
    isSelectionStart={false}
    isToday={false}
    isWeekend={false}
    isWorkDay={true}
    key="2015-07-29"
  />
  <Day
    ISODate="2015-07-30"
    blockClassName="example-class"
    date={2015-07-30T00:00:00.000Z}
    getDayFormatted={[Function]}
    handleOnClick={[MockFunction]}
    handleOnEnter={[MockFunction]}
    isCurrentMonth={false}
    isDisabled={false}
    isHighlighted={false}
    isMonthNext={false}
    isMonthPrev={true}
    isNonSelectable={false}
    isSelectable={true}
    isSelected={false}
    isSelectionEnd={false}
    isSelectionStart={false}
    isToday={false}
    isWeekend={false}
    isWorkDay={true}
    key="2015-07-30"
  />
  <Day
    ISODate="2015-07-31"
    blockClassName="example-class"
    date={2015-07-31T00:00:00.000Z}
    getDayFormatted={[Function]}
    handleOnClick={[MockFunction]}
    handleOnEnter={[MockFunction]}
    isCurrentMonth={false}
    isDisabled={false}
    isHighlighted={false}
    isMonthNext={false}
    isMonthPrev={true}
    isNonSelectable={false}
    isSelectable={true}
    isSelected={false}
    isSelectionEnd={false}
    isSelectionStart={false}
    isToday={false}
    isWeekend={false}
    isWorkDay={true}
    key="2015-07-31"
  />
  <Day
    ISODate="2015-08-01"
    blockClassName="example-class"
    date={2015-08-01T00:00:00.000Z}
    getDayFormatted={[Function]}
    handleOnClick={[MockFunction]}
    handleOnEnter={[MockFunction]}
    isCurrentMonth={true}
    isDisabled={false}
    isHighlighted={false}
    isMonthNext={false}
    isMonthPrev={false}
    isNonSelectable={false}
    isSelectable={true}
    isSelected={false}
    isSelectionEnd={false}
    isSelectionStart={false}
    isToday={false}
    isWeekend={true}
    isWorkDay={false}
    key="2015-08-01"
  />
  <Day
    ISODate="2015-08-02"
    blockClassName="example-class"
    date={2015-08-02T00:00:00.000Z}
    getDayFormatted={[Function]}
    handleOnClick={[MockFunction]}
    handleOnEnter={[MockFunction]}
    isCurrentMonth={true}
    isDisabled={false}
    isHighlighted={false}
    isMonthNext={false}
    isMonthPrev={false}
    isNonSelectable={false}
    isSelectable={true}
    isSelected={false}
    isSelectionEnd={false}
    isSelectionStart={false}
    isToday={false}
    isWeekend={true}
    isWorkDay={false}
    key="2015-08-02"
  />
</div>
`;

exports[`Week #render when prop \`date\` is different month renders <Week /> 1`] = `
<div
  className="example-class-week"
>
  <Day
    ISODate="2015-06-29"
    blockClassName="example-class"
    date={2015-06-29T00:00:00.000Z}
    getDayFormatted={[Function]}
    handleOnClick={[MockFunction]}
    handleOnEnter={[MockFunction]}
    isCurrentMonth={false}
    isDisabled={false}
    isHighlighted={false}
    isMonthNext={false}
    isMonthPrev={true}
    isNonSelectable={false}
    isSelectable={true}
    isSelected={false}
    isSelectionEnd={false}
    isSelectionStart={false}
    isToday={false}
    isWeekend={false}
    isWorkDay={true}
    key="2015-06-29"
  />
  <Day
    ISODate="2015-06-30"
    blockClassName="example-class"
    date={2015-06-30T00:00:00.000Z}
    getDayFormatted={[Function]}
    handleOnClick={[MockFunction]}
    handleOnEnter={[MockFunction]}
    isCurrentMonth={false}
    isDisabled={false}
    isHighlighted={false}
    isMonthNext={false}
    isMonthPrev={true}
    isNonSelectable={false}
    isSelectable={true}
    isSelected={false}
    isSelectionEnd={false}
    isSelectionStart={false}
    isToday={false}
    isWeekend={false}
    isWorkDay={true}
    key="2015-06-30"
  />
  <Day
    ISODate="2015-07-01"
    blockClassName="example-class"
    date={2015-07-01T00:00:00.000Z}
    getDayFormatted={[Function]}
    handleOnClick={[MockFunction]}
    handleOnEnter={[MockFunction]}
    isCurrentMonth={false}
    isDisabled={false}
    isHighlighted={false}
    isMonthNext={false}
    isMonthPrev={true}
    isNonSelectable={false}
    isSelectable={true}
    isSelected={false}
    isSelectionEnd={false}
    isSelectionStart={false}
    isToday={false}
    isWeekend={false}
    isWorkDay={true}
    key="2015-07-01"
  />
  <Day
    ISODate="2015-07-02"
    blockClassName="example-class"
    date={2015-07-02T00:00:00.000Z}
    getDayFormatted={[Function]}
    handleOnClick={[MockFunction]}
    handleOnEnter={[MockFunction]}
    isCurrentMonth={false}
    isDisabled={false}
    isHighlighted={false}
    isMonthNext={false}
    isMonthPrev={true}
    isNonSelectable={false}
    isSelectable={true}
    isSelected={false}
    isSelectionEnd={false}
    isSelectionStart={false}
    isToday={false}
    isWeekend={false}
    isWorkDay={true}
    key="2015-07-02"
  />
  <Day
    ISODate="2015-07-03"
    blockClassName="example-class"
    date={2015-07-03T00:00:00.000Z}
    getDayFormatted={[Function]}
    handleOnClick={[MockFunction]}
    handleOnEnter={[MockFunction]}
    isCurrentMonth={false}
    isDisabled={false}
    isHighlighted={false}
    isMonthNext={false}
    isMonthPrev={true}
    isNonSelectable={false}
    isSelectable={true}
    isSelected={false}
    isSelectionEnd={false}
    isSelectionStart={false}
    isToday={false}
    isWeekend={false}
    isWorkDay={true}
    key="2015-07-03"
  />
  <Day
    ISODate="2015-07-04"
    blockClassName="example-class"
    date={2015-07-04T00:00:00.000Z}
    getDayFormatted={[Function]}
    handleOnClick={[MockFunction]}
    handleOnEnter={[MockFunction]}
    isCurrentMonth={false}
    isDisabled={false}
    isHighlighted={false}
    isMonthNext={false}
    isMonthPrev={true}
    isNonSelectable={false}
    isSelectable={true}
    isSelected={false}
    isSelectionEnd={false}
    isSelectionStart={false}
    isToday={false}
    isWeekend={true}
    isWorkDay={false}
    key="2015-07-04"
  />
  <Day
    ISODate="2015-07-05"
    blockClassName="example-class"
    date={2015-07-05T00:00:00.000Z}
    getDayFormatted={[Function]}
    handleOnClick={[MockFunction]}
    handleOnEnter={[MockFunction]}
    isCurrentMonth={false}
    isDisabled={false}
    isHighlighted={false}
    isMonthNext={false}
    isMonthPrev={true}
    isNonSelectable={false}
    isSelectable={true}
    isSelected={false}
    isSelectionEnd={false}
    isSelectionStart={false}
    isToday={false}
    isWeekend={true}
    isWorkDay={false}
    key="2015-07-05"
  />
</div>
`;

exports[`Week #render when prop \`dateDisabled\` renders <Week /> 1`] = `
<div
  className="example-class-week"
>
  <Day
    ISODate="2015-06-29"
    blockClassName="example-class"
    date={2015-06-29T00:00:00.000Z}
    getDayFormatted={[Function]}
    handleOnClick={[Function]}
    handleOnEnter={[Function]}
    isCurrentMonth={true}
    isDisabled={false}
    isHighlighted={false}
    isMonthNext={false}
    isMonthPrev={false}
    isNonSelectable={true}
    isSelectable={false}
    isSelected={false}
    isSelectionEnd={false}
    isSelectionStart={false}
    isToday={false}
    isWeekend={false}
    isWorkDay={true}
    key="2015-06-29"
  />
  <Day
    ISODate="2015-06-30"
    blockClassName="example-class"
    date={2015-06-30T00:00:00.000Z}
    getDayFormatted={[Function]}
    handleOnClick={[MockFunction]}
    handleOnEnter={[MockFunction]}
    isCurrentMonth={true}
    isDisabled={false}
    isHighlighted={false}
    isMonthNext={false}
    isMonthPrev={false}
    isNonSelectable={false}
    isSelectable={true}
    isSelected={false}
    isSelectionEnd={false}
    isSelectionStart={false}
    isToday={false}
    isWeekend={false}
    isWorkDay={true}
    key="2015-06-30"
  />
  <Day
    ISODate="2015-07-01"
    blockClassName="example-class"
    date={2015-07-01T00:00:00.000Z}
    getDayFormatted={[Function]}
    handleOnClick={[MockFunction]}
    handleOnEnter={[MockFunction]}
    isCurrentMonth={false}
    isDisabled={false}
    isHighlighted={false}
    isMonthNext={true}
    isMonthPrev={false}
    isNonSelectable={false}
    isSelectable={true}
    isSelected={false}
    isSelectionEnd={false}
    isSelectionStart={false}
    isToday={false}
    isWeekend={false}
    isWorkDay={true}
    key="2015-07-01"
  />
  <Day
    ISODate="2015-07-02"
    blockClassName="example-class"
    date={2015-07-02T00:00:00.000Z}
    getDayFormatted={[Function]}
    handleOnClick={[Function]}
    handleOnEnter={[Function]}
    isCurrentMonth={false}
    isDisabled={false}
    isHighlighted={false}
    isMonthNext={true}
    isMonthPrev={false}
    isNonSelectable={true}
    isSelectable={false}
    isSelected={false}
    isSelectionEnd={false}
    isSelectionStart={false}
    isToday={false}
    isWeekend={false}
    isWorkDay={true}
    key="2015-07-02"
  />
  <Day
    ISODate="2015-07-03"
    blockClassName="example-class"
    date={2015-07-03T00:00:00.000Z}
    getDayFormatted={[Function]}
    handleOnClick={[Function]}
    handleOnEnter={[Function]}
    isCurrentMonth={false}
    isDisabled={false}
    isHighlighted={false}
    isMonthNext={true}
    isMonthPrev={false}
    isNonSelectable={true}
    isSelectable={false}
    isSelected={false}
    isSelectionEnd={false}
    isSelectionStart={false}
    isToday={false}
    isWeekend={false}
    isWorkDay={true}
    key="2015-07-03"
  />
  <Day
    ISODate="2015-07-04"
    blockClassName="example-class"
    date={2015-07-04T00:00:00.000Z}
    getDayFormatted={[Function]}
    handleOnClick={[Function]}
    handleOnEnter={[Function]}
    isCurrentMonth={false}
    isDisabled={false}
    isHighlighted={false}
    isMonthNext={true}
    isMonthPrev={false}
    isNonSelectable={true}
    isSelectable={false}
    isSelected={false}
    isSelectionEnd={false}
    isSelectionStart={false}
    isToday={false}
    isWeekend={true}
    isWorkDay={false}
    key="2015-07-04"
  />
  <Day
    ISODate="2015-07-05"
    blockClassName="example-class"
    date={2015-07-05T00:00:00.000Z}
    getDayFormatted={[Function]}
    handleOnClick={[Function]}
    handleOnEnter={[Function]}
    isCurrentMonth={false}
    isDisabled={false}
    isHighlighted={false}
    isMonthNext={true}
    isMonthPrev={false}
    isNonSelectable={true}
    isSelectable={false}
    isSelected={false}
    isSelectionEnd={false}
    isSelectionStart={false}
    isToday={false}
    isWeekend={true}
    isWorkDay={false}
    key="2015-07-05"
  />
</div>
`;

exports[`Week #render when prop \`disabledIntervals\` is defined renders <Week /> 1`] = `
<div
  className="example-class-week"
>
  <Day
    ISODate="2015-08-17"
    blockClassName="example-class"
    date={2015-08-17T00:00:00.000Z}
    getDayFormatted={[Function]}
    handleOnClick={[MockFunction]}
    handleOnEnter={[MockFunction]}
    isCurrentMonth={true}
    isDisabled={false}
    isHighlighted={false}
    isMonthNext={false}
    isMonthPrev={false}
    isNonSelectable={false}
    isSelectable={true}
    isSelected={false}
    isSelectionEnd={false}
    isSelectionStart={false}
    isToday={true}
    isWeekend={false}
    isWorkDay={true}
    key="2015-08-17"
  />
  <Day
    ISODate="2015-08-18"
    blockClassName="example-class"
    date={2015-08-18T00:00:00.000Z}
    getDayFormatted={[Function]}
    handleOnClick={[MockFunction]}
    handleOnEnter={[MockFunction]}
    isCurrentMonth={true}
    isDisabled={false}
    isHighlighted={false}
    isMonthNext={false}
    isMonthPrev={false}
    isNonSelectable={false}
    isSelectable={true}
    isSelected={false}
    isSelectionEnd={false}
    isSelectionStart={false}
    isToday={false}
    isWeekend={false}
    isWorkDay={true}
    key="2015-08-18"
  />
  <Day
    ISODate="2015-08-19"
    blockClassName="example-class"
    date={2015-08-19T00:00:00.000Z}
    getDayFormatted={[Function]}
    handleOnClick={[MockFunction]}
    handleOnEnter={[MockFunction]}
    isCurrentMonth={true}
    isDisabled={false}
    isHighlighted={false}
    isMonthNext={false}
    isMonthPrev={false}
    isNonSelectable={false}
    isSelectable={true}
    isSelected={false}
    isSelectionEnd={false}
    isSelectionStart={false}
    isToday={false}
    isWeekend={false}
    isWorkDay={true}
    key="2015-08-19"
  />
  <Day
    ISODate="2015-08-20"
    blockClassName="example-class"
    date={2015-08-20T00:00:00.000Z}
    getDayFormatted={[Function]}
    handleOnClick={[MockFunction]}
    handleOnEnter={[MockFunction]}
    isCurrentMonth={true}
    isDisabled={false}
    isHighlighted={false}
    isMonthNext={false}
    isMonthPrev={false}
    isNonSelectable={false}
    isSelectable={true}
    isSelected={false}
    isSelectionEnd={false}
    isSelectionStart={false}
    isToday={false}
    isWeekend={false}
    isWorkDay={true}
    key="2015-08-20"
  />
  <Day
    ISODate="2015-08-21"
    blockClassName="example-class"
    date={2015-08-21T00:00:00.000Z}
    getDayFormatted={[Function]}
    handleOnClick={[MockFunction]}
    handleOnEnter={[Function]}
    isCurrentMonth={true}
    isDisabled={true}
    isHighlighted={false}
    isMonthNext={false}
    isMonthPrev={false}
    isNonSelectable={true}
    isSelectable={false}
    isSelected={false}
    isSelectionEnd={false}
    isSelectionStart={false}
    isToday={false}
    isWeekend={false}
    isWorkDay={true}
    key="2015-08-21"
  />
  <Day
    ISODate="2015-08-22"
    blockClassName="example-class"
    date={2015-08-22T00:00:00.000Z}
    getDayFormatted={[Function]}
    handleOnClick={[MockFunction]}
    handleOnEnter={[Function]}
    isCurrentMonth={true}
    isDisabled={true}
    isHighlighted={false}
    isMonthNext={false}
    isMonthPrev={false}
    isNonSelectable={true}
    isSelectable={false}
    isSelected={false}
    isSelectionEnd={false}
    isSelectionStart={false}
    isToday={false}
    isWeekend={true}
    isWorkDay={false}
    key="2015-08-22"
  />
  <Day
    ISODate="2015-08-23"
    blockClassName="example-class"
    date={2015-08-23T00:00:00.000Z}
    getDayFormatted={[Function]}
    handleOnClick={[MockFunction]}
    handleOnEnter={[Function]}
    isCurrentMonth={true}
    isDisabled={true}
    isHighlighted={false}
    isMonthNext={false}
    isMonthPrev={false}
    isNonSelectable={true}
    isSelectable={false}
    isSelected={false}
    isSelectionEnd={false}
    isSelectionStart={false}
    isToday={false}
    isWeekend={true}
    isWorkDay={false}
    key="2015-08-23"
  />
</div>
`;

exports[`Week #render when prop \`highlightedStart\` and \`highlightedEnd\` are defined renders <Week /> 1`] = `
<div
  className="example-class-week"
>
  <Day
    ISODate="2015-06-29"
    blockClassName="example-class"
    date={2015-06-29T00:00:00.000Z}
    getDayFormatted={[Function]}
    handleOnClick={[MockFunction]}
    handleOnEnter={[MockFunction]}
    isCurrentMonth={true}
    isDisabled={false}
    isHighlighted={true}
    isMonthNext={false}
    isMonthPrev={false}
    isNonSelectable={false}
    isSelectable={true}
    isSelected={false}
    isSelectionEnd={false}
    isSelectionStart={false}
    isToday={false}
    isWeekend={false}
    isWorkDay={true}
    key="2015-06-29"
  />
  <Day
    ISODate="2015-06-30"
    blockClassName="example-class"
    date={2015-06-30T00:00:00.000Z}
    getDayFormatted={[Function]}
    handleOnClick={[MockFunction]}
    handleOnEnter={[MockFunction]}
    isCurrentMonth={true}
    isDisabled={false}
    isHighlighted={true}
    isMonthNext={false}
    isMonthPrev={false}
    isNonSelectable={false}
    isSelectable={true}
    isSelected={false}
    isSelectionEnd={false}
    isSelectionStart={false}
    isToday={false}
    isWeekend={false}
    isWorkDay={true}
    key="2015-06-30"
  />
  <Day
    ISODate="2015-07-01"
    blockClassName="example-class"
    date={2015-07-01T00:00:00.000Z}
    getDayFormatted={[Function]}
    handleOnClick={[MockFunction]}
    handleOnEnter={[MockFunction]}
    isCurrentMonth={false}
    isDisabled={false}
    isHighlighted={true}
    isMonthNext={true}
    isMonthPrev={false}
    isNonSelectable={false}
    isSelectable={true}
    isSelected={false}
    isSelectionEnd={false}
    isSelectionStart={false}
    isToday={true}
    isWeekend={false}
    isWorkDay={true}
    key="2015-07-01"
  />
  <Day
    ISODate="2015-07-02"
    blockClassName="example-class"
    date={2015-07-02T00:00:00.000Z}
    getDayFormatted={[Function]}
    handleOnClick={[MockFunction]}
    handleOnEnter={[MockFunction]}
    isCurrentMonth={false}
    isDisabled={false}
    isHighlighted={false}
    isMonthNext={true}
    isMonthPrev={false}
    isNonSelectable={false}
    isSelectable={true}
    isSelected={false}
    isSelectionEnd={false}
    isSelectionStart={false}
    isToday={false}
    isWeekend={false}
    isWorkDay={true}
    key="2015-07-02"
  />
  <Day
    ISODate="2015-07-03"
    blockClassName="example-class"
    date={2015-07-03T00:00:00.000Z}
    getDayFormatted={[Function]}
    handleOnClick={[MockFunction]}
    handleOnEnter={[MockFunction]}
    isCurrentMonth={false}
    isDisabled={false}
    isHighlighted={false}
    isMonthNext={true}
    isMonthPrev={false}
    isNonSelectable={false}
    isSelectable={true}
    isSelected={false}
    isSelectionEnd={false}
    isSelectionStart={false}
    isToday={false}
    isWeekend={false}
    isWorkDay={true}
    key="2015-07-03"
  />
  <Day
    ISODate="2015-07-04"
    blockClassName="example-class"
    date={2015-07-04T00:00:00.000Z}
    getDayFormatted={[Function]}
    handleOnClick={[MockFunction]}
    handleOnEnter={[MockFunction]}
    isCurrentMonth={false}
    isDisabled={false}
    isHighlighted={false}
    isMonthNext={true}
    isMonthPrev={false}
    isNonSelectable={false}
    isSelectable={true}
    isSelected={false}
    isSelectionEnd={false}
    isSelectionStart={false}
    isToday={false}
    isWeekend={true}
    isWorkDay={false}
    key="2015-07-04"
  />
  <Day
    ISODate="2015-07-05"
    blockClassName="example-class"
    date={2015-07-05T00:00:00.000Z}
    getDayFormatted={[Function]}
    handleOnClick={[MockFunction]}
    handleOnEnter={[MockFunction]}
    isCurrentMonth={false}
    isDisabled={false}
    isHighlighted={false}
    isMonthNext={true}
    isMonthPrev={false}
    isNonSelectable={false}
    isSelectable={true}
    isSelected={false}
    isSelectionEnd={false}
    isSelectionStart={false}
    isToday={false}
    isWeekend={true}
    isWorkDay={false}
    key="2015-07-05"
  />
</div>
`;

exports[`Week #render when prop \`maxDate\` is defined renders <Week /> 1`] = `
<div
  className="example-class-week"
>
  <Day
    ISODate="2015-06-29"
    blockClassName="example-class"
    date={2015-06-29T00:00:00.000Z}
    getDayFormatted={[Function]}
    handleOnClick={[MockFunction]}
    handleOnEnter={[MockFunction]}
    isCurrentMonth={true}
    isDisabled={false}
    isHighlighted={false}
    isMonthNext={false}
    isMonthPrev={false}
    isNonSelectable={false}
    isSelectable={true}
    isSelected={false}
    isSelectionEnd={false}
    isSelectionStart={false}
    isToday={false}
    isWeekend={false}
    isWorkDay={true}
    key="2015-06-29"
  />
  <Day
    ISODate="2015-06-30"
    blockClassName="example-class"
    date={2015-06-30T00:00:00.000Z}
    getDayFormatted={[Function]}
    handleOnClick={[MockFunction]}
    handleOnEnter={[MockFunction]}
    isCurrentMonth={true}
    isDisabled={false}
    isHighlighted={false}
    isMonthNext={false}
    isMonthPrev={false}
    isNonSelectable={false}
    isSelectable={true}
    isSelected={false}
    isSelectionEnd={false}
    isSelectionStart={false}
    isToday={false}
    isWeekend={false}
    isWorkDay={true}
    key="2015-06-30"
  />
  <Day
    ISODate="2015-07-01"
    blockClassName="example-class"
    date={2015-07-01T00:00:00.000Z}
    getDayFormatted={[Function]}
    handleOnClick={[Function]}
    handleOnEnter={[Function]}
    isCurrentMonth={false}
    isDisabled={false}
    isHighlighted={false}
    isMonthNext={true}
    isMonthPrev={false}
    isNonSelectable={true}
    isSelectable={false}
    isSelected={false}
    isSelectionEnd={false}
    isSelectionStart={false}
    isToday={false}
    isWeekend={false}
    isWorkDay={true}
    key="2015-07-01"
  />
  <Day
    ISODate="2015-07-02"
    blockClassName="example-class"
    date={2015-07-02T00:00:00.000Z}
    getDayFormatted={[Function]}
    handleOnClick={[Function]}
    handleOnEnter={[Function]}
    isCurrentMonth={false}
    isDisabled={false}
    isHighlighted={false}
    isMonthNext={true}
    isMonthPrev={false}
    isNonSelectable={true}
    isSelectable={false}
    isSelected={false}
    isSelectionEnd={false}
    isSelectionStart={false}
    isToday={false}
    isWeekend={false}
    isWorkDay={true}
    key="2015-07-02"
  />
  <Day
    ISODate="2015-07-03"
    blockClassName="example-class"
    date={2015-07-03T00:00:00.000Z}
    getDayFormatted={[Function]}
    handleOnClick={[Function]}
    handleOnEnter={[Function]}
    isCurrentMonth={false}
    isDisabled={false}
    isHighlighted={false}
    isMonthNext={true}
    isMonthPrev={false}
    isNonSelectable={true}
    isSelectable={false}
    isSelected={false}
    isSelectionEnd={false}
    isSelectionStart={false}
    isToday={false}
    isWeekend={false}
    isWorkDay={true}
    key="2015-07-03"
  />
  <Day
    ISODate="2015-07-04"
    blockClassName="example-class"
    date={2015-07-04T00:00:00.000Z}
    getDayFormatted={[Function]}
    handleOnClick={[Function]}
    handleOnEnter={[Function]}
    isCurrentMonth={false}
    isDisabled={false}
    isHighlighted={false}
    isMonthNext={true}
    isMonthPrev={false}
    isNonSelectable={true}
    isSelectable={false}
    isSelected={false}
    isSelectionEnd={false}
    isSelectionStart={false}
    isToday={false}
    isWeekend={true}
    isWorkDay={false}
    key="2015-07-04"
  />
  <Day
    ISODate="2015-07-05"
    blockClassName="example-class"
    date={2015-07-05T00:00:00.000Z}
    getDayFormatted={[Function]}
    handleOnClick={[Function]}
    handleOnEnter={[Function]}
    isCurrentMonth={false}
    isDisabled={false}
    isHighlighted={false}
    isMonthNext={true}
    isMonthPrev={false}
    isNonSelectable={true}
    isSelectable={false}
    isSelected={false}
    isSelectionEnd={false}
    isSelectionStart={false}
    isToday={false}
    isWeekend={true}
    isWorkDay={false}
    key="2015-07-05"
  />
</div>
`;

exports[`Week #render when prop \`minDate\` is defined renders <Week /> 1`] = `
<div
  className="example-class-week"
>
  <Day
    ISODate="2015-06-29"
    blockClassName="example-class"
    date={2015-06-29T00:00:00.000Z}
    getDayFormatted={[Function]}
    handleOnClick={[Function]}
    handleOnEnter={[Function]}
    isCurrentMonth={true}
    isDisabled={false}
    isHighlighted={false}
    isMonthNext={false}
    isMonthPrev={false}
    isNonSelectable={true}
    isSelectable={false}
    isSelected={false}
    isSelectionEnd={false}
    isSelectionStart={false}
    isToday={false}
    isWeekend={false}
    isWorkDay={true}
    key="2015-06-29"
  />
  <Day
    ISODate="2015-06-30"
    blockClassName="example-class"
    date={2015-06-30T00:00:00.000Z}
    getDayFormatted={[Function]}
    handleOnClick={[MockFunction]}
    handleOnEnter={[MockFunction]}
    isCurrentMonth={true}
    isDisabled={false}
    isHighlighted={false}
    isMonthNext={false}
    isMonthPrev={false}
    isNonSelectable={false}
    isSelectable={true}
    isSelected={false}
    isSelectionEnd={false}
    isSelectionStart={false}
    isToday={false}
    isWeekend={false}
    isWorkDay={true}
    key="2015-06-30"
  />
  <Day
    ISODate="2015-07-01"
    blockClassName="example-class"
    date={2015-07-01T00:00:00.000Z}
    getDayFormatted={[Function]}
    handleOnClick={[MockFunction]}
    handleOnEnter={[MockFunction]}
    isCurrentMonth={false}
    isDisabled={false}
    isHighlighted={false}
    isMonthNext={true}
    isMonthPrev={false}
    isNonSelectable={false}
    isSelectable={true}
    isSelected={false}
    isSelectionEnd={false}
    isSelectionStart={false}
    isToday={false}
    isWeekend={false}
    isWorkDay={true}
    key="2015-07-01"
  />
  <Day
    ISODate="2015-07-02"
    blockClassName="example-class"
    date={2015-07-02T00:00:00.000Z}
    getDayFormatted={[Function]}
    handleOnClick={[MockFunction]}
    handleOnEnter={[MockFunction]}
    isCurrentMonth={false}
    isDisabled={false}
    isHighlighted={false}
    isMonthNext={true}
    isMonthPrev={false}
    isNonSelectable={false}
    isSelectable={true}
    isSelected={false}
    isSelectionEnd={false}
    isSelectionStart={false}
    isToday={false}
    isWeekend={false}
    isWorkDay={true}
    key="2015-07-02"
  />
  <Day
    ISODate="2015-07-03"
    blockClassName="example-class"
    date={2015-07-03T00:00:00.000Z}
    getDayFormatted={[Function]}
    handleOnClick={[MockFunction]}
    handleOnEnter={[MockFunction]}
    isCurrentMonth={false}
    isDisabled={false}
    isHighlighted={false}
    isMonthNext={true}
    isMonthPrev={false}
    isNonSelectable={false}
    isSelectable={true}
    isSelected={false}
    isSelectionEnd={false}
    isSelectionStart={false}
    isToday={false}
    isWeekend={false}
    isWorkDay={true}
    key="2015-07-03"
  />
  <Day
    ISODate="2015-07-04"
    blockClassName="example-class"
    date={2015-07-04T00:00:00.000Z}
    getDayFormatted={[Function]}
    handleOnClick={[MockFunction]}
    handleOnEnter={[MockFunction]}
    isCurrentMonth={false}
    isDisabled={false}
    isHighlighted={false}
    isMonthNext={true}
    isMonthPrev={false}
    isNonSelectable={false}
    isSelectable={true}
    isSelected={false}
    isSelectionEnd={false}
    isSelectionStart={false}
    isToday={false}
    isWeekend={true}
    isWorkDay={false}
    key="2015-07-04"
  />
  <Day
    ISODate="2015-07-05"
    blockClassName="example-class"
    date={2015-07-05T00:00:00.000Z}
    getDayFormatted={[Function]}
    handleOnClick={[MockFunction]}
    handleOnEnter={[MockFunction]}
    isCurrentMonth={false}
    isDisabled={false}
    isHighlighted={false}
    isMonthNext={true}
    isMonthPrev={false}
    isNonSelectable={false}
    isSelectable={true}
    isSelected={false}
    isSelectionEnd={false}
    isSelectionStart={false}
    isToday={false}
    isWeekend={true}
    isWorkDay={false}
    key="2015-07-05"
  />
</div>
`;

exports[`Week #render when prop \`selectedMin\` and \`selectedMax\` are defined renders <Week /> 1`] = `
<div
  className="example-class-week"
>
  <Day
    ISODate="2015-06-29"
    blockClassName="example-class"
    date={2015-06-29T00:00:00.000Z}
    getDayFormatted={[Function]}
    handleOnClick={[MockFunction]}
    handleOnEnter={[MockFunction]}
    isCurrentMonth={true}
    isDisabled={false}
    isHighlighted={false}
    isMonthNext={false}
    isMonthPrev={false}
    isNonSelectable={false}
    isSelectable={true}
    isSelected={false}
    isSelectionEnd={false}
    isSelectionStart={false}
    isToday={false}
    isWeekend={false}
    isWorkDay={true}
    key="2015-06-29"
  />
  <Day
    ISODate="2015-06-30"
    blockClassName="example-class"
    date={2015-06-30T00:00:00.000Z}
    getDayFormatted={[Function]}
    handleOnClick={[MockFunction]}
    handleOnEnter={[MockFunction]}
    isCurrentMonth={true}
    isDisabled={false}
    isHighlighted={false}
    isMonthNext={false}
    isMonthPrev={false}
    isNonSelectable={false}
    isSelectable={true}
    isSelected={true}
    isSelectionEnd={false}
    isSelectionStart={true}
    isToday={false}
    isWeekend={false}
    isWorkDay={true}
    key="2015-06-30"
  />
  <Day
    ISODate="2015-07-01"
    blockClassName="example-class"
    date={2015-07-01T00:00:00.000Z}
    getDayFormatted={[Function]}
    handleOnClick={[MockFunction]}
    handleOnEnter={[MockFunction]}
    isCurrentMonth={false}
    isDisabled={false}
    isHighlighted={false}
    isMonthNext={true}
    isMonthPrev={false}
    isNonSelectable={false}
    isSelectable={true}
    isSelected={true}
    isSelectionEnd={false}
    isSelectionStart={false}
    isToday={false}
    isWeekend={false}
    isWorkDay={true}
    key="2015-07-01"
  />
  <Day
    ISODate="2015-07-02"
    blockClassName="example-class"
    date={2015-07-02T00:00:00.000Z}
    getDayFormatted={[Function]}
    handleOnClick={[MockFunction]}
    handleOnEnter={[MockFunction]}
    isCurrentMonth={false}
    isDisabled={false}
    isHighlighted={false}
    isMonthNext={true}
    isMonthPrev={false}
    isNonSelectable={false}
    isSelectable={true}
    isSelected={true}
    isSelectionEnd={true}
    isSelectionStart={false}
    isToday={false}
    isWeekend={false}
    isWorkDay={true}
    key="2015-07-02"
  />
  <Day
    ISODate="2015-07-03"
    blockClassName="example-class"
    date={2015-07-03T00:00:00.000Z}
    getDayFormatted={[Function]}
    handleOnClick={[MockFunction]}
    handleOnEnter={[MockFunction]}
    isCurrentMonth={false}
    isDisabled={false}
    isHighlighted={false}
    isMonthNext={true}
    isMonthPrev={false}
    isNonSelectable={false}
    isSelectable={true}
    isSelected={false}
    isSelectionEnd={false}
    isSelectionStart={false}
    isToday={false}
    isWeekend={false}
    isWorkDay={true}
    key="2015-07-03"
  />
  <Day
    ISODate="2015-07-04"
    blockClassName="example-class"
    date={2015-07-04T00:00:00.000Z}
    getDayFormatted={[Function]}
    handleOnClick={[MockFunction]}
    handleOnEnter={[MockFunction]}
    isCurrentMonth={false}
    isDisabled={false}
    isHighlighted={false}
    isMonthNext={true}
    isMonthPrev={false}
    isNonSelectable={false}
    isSelectable={true}
    isSelected={false}
    isSelectionEnd={false}
    isSelectionStart={false}
    isToday={false}
    isWeekend={true}
    isWorkDay={false}
    key="2015-07-04"
  />
  <Day
    ISODate="2015-07-05"
    blockClassName="example-class"
    date={2015-07-05T00:00:00.000Z}
    getDayFormatted={[Function]}
    handleOnClick={[MockFunction]}
    handleOnEnter={[MockFunction]}
    isCurrentMonth={false}
    isDisabled={false}
    isHighlighted={false}
    isMonthNext={true}
    isMonthPrev={false}
    isNonSelectable={false}
    isSelectable={true}
    isSelected={false}
    isSelectionEnd={false}
    isSelectionStart={false}
    isToday={false}
    isWeekend={true}
    isWorkDay={false}
    key="2015-07-05"
  />
</div>
`;

exports[`Week #render when prop \`selectedMin\` and \`selectedMax\` are defined renders <Week /> 2`] = `
<div
  className="example-class-week"
>
  <Day
    ISODate="2015-06-29"
    blockClassName="example-class"
    date={2015-06-29T00:00:00.000Z}
    getDayFormatted={[Function]}
    handleOnClick={[Function]}
    handleOnEnter={[Function]}
    isCurrentMonth={true}
    isDisabled={false}
    isHighlighted={false}
    isMonthNext={false}
    isMonthPrev={false}
    isNonSelectable={true}
    isSelectable={false}
    isSelected={false}
    isSelectionEnd={false}
    isSelectionStart={false}
    isToday={false}
    isWeekend={false}
    isWorkDay={true}
    key="2015-06-29"
  />
  <Day
    ISODate="2015-06-30"
    blockClassName="example-class"
    date={2015-06-30T00:00:00.000Z}
    getDayFormatted={[Function]}
    handleOnClick={[MockFunction]}
    handleOnEnter={[MockFunction]}
    isCurrentMonth={true}
    isDisabled={false}
    isHighlighted={false}
    isMonthNext={false}
    isMonthPrev={false}
    isNonSelectable={false}
    isSelectable={true}
    isSelected={false}
    isSelectionEnd={false}
    isSelectionStart={false}
    isToday={false}
    isWeekend={false}
    isWorkDay={true}
    key="2015-06-30"
  />
  <Day
    ISODate="2015-07-01"
    blockClassName="example-class"
    date={2015-07-01T00:00:00.000Z}
    getDayFormatted={[Function]}
    handleOnClick={[MockFunction]}
    handleOnEnter={[MockFunction]}
    isCurrentMonth={false}
    isDisabled={false}
    isHighlighted={false}
    isMonthNext={true}
    isMonthPrev={false}
    isNonSelectable={false}
    isSelectable={true}
    isSelected={false}
    isSelectionEnd={false}
    isSelectionStart={false}
    isToday={false}
    isWeekend={false}
    isWorkDay={true}
    key="2015-07-01"
  />
  <Day
    ISODate="2015-07-02"
    blockClassName="example-class"
    date={2015-07-02T00:00:00.000Z}
    getDayFormatted={[Function]}
    handleOnClick={[Function]}
    handleOnEnter={[Function]}
    isCurrentMonth={false}
    isDisabled={false}
    isHighlighted={false}
    isMonthNext={true}
    isMonthPrev={false}
    isNonSelectable={true}
    isSelectable={false}
    isSelected={false}
    isSelectionEnd={false}
    isSelectionStart={false}
    isToday={false}
    isWeekend={false}
    isWorkDay={true}
    key="2015-07-02"
  />
  <Day
    ISODate="2015-07-03"
    blockClassName="example-class"
    date={2015-07-03T00:00:00.000Z}
    getDayFormatted={[Function]}
    handleOnClick={[Function]}
    handleOnEnter={[Function]}
    isCurrentMonth={false}
    isDisabled={false}
    isHighlighted={false}
    isMonthNext={true}
    isMonthPrev={false}
    isNonSelectable={true}
    isSelectable={false}
    isSelected={false}
    isSelectionEnd={false}
    isSelectionStart={false}
    isToday={false}
    isWeekend={false}
    isWorkDay={true}
    key="2015-07-03"
  />
  <Day
    ISODate="2015-07-04"
    blockClassName="example-class"
    date={2015-07-04T00:00:00.000Z}
    getDayFormatted={[Function]}
    handleOnClick={[Function]}
    handleOnEnter={[Function]}
    isCurrentMonth={false}
    isDisabled={false}
    isHighlighted={false}
    isMonthNext={true}
    isMonthPrev={false}
    isNonSelectable={true}
    isSelectable={false}
    isSelected={false}
    isSelectionEnd={false}
    isSelectionStart={false}
    isToday={false}
    isWeekend={true}
    isWorkDay={false}
    key="2015-07-04"
  />
  <Day
    ISODate="2015-07-05"
    blockClassName="example-class"
    date={2015-07-05T00:00:00.000Z}
    getDayFormatted={[Function]}
    handleOnClick={[Function]}
    handleOnEnter={[Function]}
    isCurrentMonth={false}
    isDisabled={false}
    isHighlighted={false}
    isMonthNext={true}
    isMonthPrev={false}
    isNonSelectable={true}
    isSelectable={false}
    isSelected={false}
    isSelectionEnd={false}
    isSelectionStart={false}
    isToday={false}
    isWeekend={true}
    isWorkDay={false}
    key="2015-07-05"
  />
</div>
`;

exports[`Week #render when prop \`selectedMin\` and \`selectedMax\` are defined when prop \`selectedMin\` and \`selectedMax\` are the same day renders <Week /> 1`] = `
<div
  className="example-class-week"
>
  <Day
    ISODate="2015-06-29"
    blockClassName="example-class"
    date={2015-06-29T00:00:00.000Z}
    getDayFormatted={[Function]}
    handleOnClick={[MockFunction]}
    handleOnEnter={[MockFunction]}
    isCurrentMonth={true}
    isDisabled={false}
    isHighlighted={false}
    isMonthNext={false}
    isMonthPrev={false}
    isNonSelectable={false}
    isSelectable={true}
    isSelected={false}
    isSelectionEnd={false}
    isSelectionStart={false}
    isToday={false}
    isWeekend={false}
    isWorkDay={true}
    key="2015-06-29"
  />
  <Day
    ISODate="2015-06-30"
    blockClassName="example-class"
    date={2015-06-30T00:00:00.000Z}
    getDayFormatted={[Function]}
    handleOnClick={[MockFunction]}
    handleOnEnter={[MockFunction]}
    isCurrentMonth={true}
    isDisabled={false}
    isHighlighted={false}
    isMonthNext={false}
    isMonthPrev={false}
    isNonSelectable={false}
    isSelectable={true}
    isSelected={true}
    isSelectionEnd={true}
    isSelectionStart={true}
    isToday={false}
    isWeekend={false}
    isWorkDay={true}
    key="2015-06-30"
  />
  <Day
    ISODate="2015-07-01"
    blockClassName="example-class"
    date={2015-07-01T00:00:00.000Z}
    getDayFormatted={[Function]}
    handleOnClick={[MockFunction]}
    handleOnEnter={[MockFunction]}
    isCurrentMonth={false}
    isDisabled={false}
    isHighlighted={false}
    isMonthNext={true}
    isMonthPrev={false}
    isNonSelectable={false}
    isSelectable={true}
    isSelected={false}
    isSelectionEnd={false}
    isSelectionStart={false}
    isToday={false}
    isWeekend={false}
    isWorkDay={true}
    key="2015-07-01"
  />
  <Day
    ISODate="2015-07-02"
    blockClassName="example-class"
    date={2015-07-02T00:00:00.000Z}
    getDayFormatted={[Function]}
    handleOnClick={[MockFunction]}
    handleOnEnter={[MockFunction]}
    isCurrentMonth={false}
    isDisabled={false}
    isHighlighted={false}
    isMonthNext={true}
    isMonthPrev={false}
    isNonSelectable={false}
    isSelectable={true}
    isSelected={false}
    isSelectionEnd={false}
    isSelectionStart={false}
    isToday={false}
    isWeekend={false}
    isWorkDay={true}
    key="2015-07-02"
  />
  <Day
    ISODate="2015-07-03"
    blockClassName="example-class"
    date={2015-07-03T00:00:00.000Z}
    getDayFormatted={[Function]}
    handleOnClick={[MockFunction]}
    handleOnEnter={[MockFunction]}
    isCurrentMonth={false}
    isDisabled={false}
    isHighlighted={false}
    isMonthNext={true}
    isMonthPrev={false}
    isNonSelectable={false}
    isSelectable={true}
    isSelected={false}
    isSelectionEnd={false}
    isSelectionStart={false}
    isToday={false}
    isWeekend={false}
    isWorkDay={true}
    key="2015-07-03"
  />
  <Day
    ISODate="2015-07-04"
    blockClassName="example-class"
    date={2015-07-04T00:00:00.000Z}
    getDayFormatted={[Function]}
    handleOnClick={[MockFunction]}
    handleOnEnter={[MockFunction]}
    isCurrentMonth={false}
    isDisabled={false}
    isHighlighted={false}
    isMonthNext={true}
    isMonthPrev={false}
    isNonSelectable={false}
    isSelectable={true}
    isSelected={false}
    isSelectionEnd={false}
    isSelectionStart={false}
    isToday={false}
    isWeekend={true}
    isWorkDay={false}
    key="2015-07-04"
  />
  <Day
    ISODate="2015-07-05"
    blockClassName="example-class"
    date={2015-07-05T00:00:00.000Z}
    getDayFormatted={[Function]}
    handleOnClick={[MockFunction]}
    handleOnEnter={[MockFunction]}
    isCurrentMonth={false}
    isDisabled={false}
    isHighlighted={false}
    isMonthNext={true}
    isMonthPrev={false}
    isNonSelectable={false}
    isSelectable={true}
    isSelected={false}
    isSelectionEnd={false}
    isSelectionStart={false}
    isToday={false}
    isWeekend={true}
    isWorkDay={false}
    key="2015-07-05"
  />
</div>
`;
