// Jest Snapshot v1, https://goo.gl/fbAQLP

exports[`Week #render renders <Week /> 1`] = `
<div
  className="example-class-week"
>
  <Day
    blockClassName="example-class"
    date="2015-08-17"
    handleOnClick={[MockFunction]}
    handleOnEnter={[MockFunction]}
    isCurrentMonth={true}
    isDisabled={false}
    isHighlighted={false}
    isMonthNext={false}
    isMonthPrev={false}
    isNonSelectable={false}
    isSelectable={true}
    isSelected={false}
    isSelectionEnd={false}
    isSelectionStart={false}
    isToday={true}
    isWeekend={false}
    isWorkday={true}
    key="2015-08-17"
  />
  <Day
    blockClassName="example-class"
    date="2015-08-18"
    handleOnClick={[MockFunction]}
    handleOnEnter={[MockFunction]}
    isCurrentMonth={true}
    isDisabled={false}
    isHighlighted={false}
    isMonthNext={false}
    isMonthPrev={false}
    isNonSelectable={false}
    isSelectable={true}
    isSelected={false}
    isSelectionEnd={false}
    isSelectionStart={false}
    isToday={false}
    isWeekend={false}
    isWorkday={true}
    key="2015-08-18"
  />
  <Day
    blockClassName="example-class"
    date="2015-08-19"
    handleOnClick={[MockFunction]}
    handleOnEnter={[MockFunction]}
    isCurrentMonth={true}
    isDisabled={false}
    isHighlighted={false}
    isMonthNext={false}
    isMonthPrev={false}
    isNonSelectable={false}
    isSelectable={true}
    isSelected={false}
    isSelectionEnd={false}
    isSelectionStart={false}
    isToday={false}
    isWeekend={false}
    isWorkday={true}
    key="2015-08-19"
  />
  <Day
    blockClassName="example-class"
    date="2015-08-20"
    handleOnClick={[MockFunction]}
    handleOnEnter={[MockFunction]}
    isCurrentMonth={true}
    isDisabled={false}
    isHighlighted={false}
    isMonthNext={false}
    isMonthPrev={false}
    isNonSelectable={false}
    isSelectable={true}
    isSelected={false}
    isSelectionEnd={false}
    isSelectionStart={false}
    isToday={false}
    isWeekend={false}
    isWorkday={true}
    key="2015-08-20"
  />
  <Day
    blockClassName="example-class"
    date="2015-08-21"
    handleOnClick={[MockFunction]}
    handleOnEnter={[MockFunction]}
    isCurrentMonth={true}
    isDisabled={false}
    isHighlighted={false}
    isMonthNext={false}
    isMonthPrev={false}
    isNonSelectable={false}
    isSelectable={true}
    isSelected={false}
    isSelectionEnd={false}
    isSelectionStart={false}
    isToday={false}
    isWeekend={false}
    isWorkday={true}
    key="2015-08-21"
  />
  <Day
    blockClassName="example-class"
    date="2015-08-22"
    handleOnClick={[MockFunction]}
    handleOnEnter={[MockFunction]}
    isCurrentMonth={true}
    isDisabled={false}
    isHighlighted={false}
    isMonthNext={false}
    isMonthPrev={false}
    isNonSelectable={false}
    isSelectable={true}
    isSelected={false}
    isSelectionEnd={false}
    isSelectionStart={false}
    isToday={false}
    isWeekend={true}
    isWorkday={false}
    key="2015-08-22"
  />
  <Day
    blockClassName="example-class"
    date="2015-08-23"
    handleOnClick={[MockFunction]}
    handleOnEnter={[MockFunction]}
    isCurrentMonth={true}
    isDisabled={false}
    isHighlighted={false}
    isMonthNext={false}
    isMonthPrev={false}
    isNonSelectable={false}
    isSelectable={true}
    isSelected={false}
    isSelectionEnd={false}
    isSelectionStart={false}
    isToday={false}
    isWeekend={true}
    isWorkday={false}
    key="2015-08-23"
  />
</div>
`

exports[`Week #render when prop \`date\` falls in prop \`activeMonth\` renders <Week /> 1`] = `
<div
  className="example-class-week"
>
  <Day
    blockClassName="example-class"
    date="2015-06-29"
    handleOnClick={[MockFunction]}
    handleOnEnter={[MockFunction]}
    isCurrentMonth={true}
    isDisabled={false}
    isHighlighted={false}
    isMonthNext={false}
    isMonthPrev={false}
    isNonSelectable={false}
    isSelectable={true}
    isSelected={false}
    isSelectionEnd={false}
    isSelectionStart={false}
    isToday={false}
    isWeekend={false}
    isWorkday={true}
    key="2015-06-29"
  />
  <Day
    blockClassName="example-class"
    date="2015-06-30"
    handleOnClick={[MockFunction]}
    handleOnEnter={[MockFunction]}
    isCurrentMonth={true}
    isDisabled={false}
    isHighlighted={false}
    isMonthNext={false}
    isMonthPrev={false}
    isNonSelectable={false}
    isSelectable={true}
    isSelected={false}
    isSelectionEnd={false}
    isSelectionStart={false}
    isToday={false}
    isWeekend={false}
    isWorkday={true}
    key="2015-06-30"
  />
  <Day
    blockClassName="example-class"
    date="2015-07-01"
    handleOnClick={[MockFunction]}
    handleOnEnter={[MockFunction]}
    isCurrentMonth={false}
    isDisabled={false}
    isHighlighted={false}
    isMonthNext={true}
    isMonthPrev={false}
    isNonSelectable={false}
    isSelectable={true}
    isSelected={false}
    isSelectionEnd={false}
    isSelectionStart={false}
    isToday={false}
    isWeekend={false}
    isWorkday={true}
    key="2015-07-01"
  />
  <Day
    blockClassName="example-class"
    date="2015-07-02"
    handleOnClick={[MockFunction]}
    handleOnEnter={[MockFunction]}
    isCurrentMonth={false}
    isDisabled={false}
    isHighlighted={false}
    isMonthNext={true}
    isMonthPrev={false}
    isNonSelectable={false}
    isSelectable={true}
    isSelected={false}
    isSelectionEnd={false}
    isSelectionStart={false}
    isToday={false}
    isWeekend={false}
    isWorkday={true}
    key="2015-07-02"
  />
  <Day
    blockClassName="example-class"
    date="2015-07-03"
    handleOnClick={[MockFunction]}
    handleOnEnter={[MockFunction]}
    isCurrentMonth={false}
    isDisabled={false}
    isHighlighted={false}
    isMonthNext={true}
    isMonthPrev={false}
    isNonSelectable={false}
    isSelectable={true}
    isSelected={false}
    isSelectionEnd={false}
    isSelectionStart={false}
    isToday={false}
    isWeekend={false}
    isWorkday={true}
    key="2015-07-03"
  />
  <Day
    blockClassName="example-class"
    date="2015-07-04"
    handleOnClick={[MockFunction]}
    handleOnEnter={[MockFunction]}
    isCurrentMonth={false}
    isDisabled={false}
    isHighlighted={false}
    isMonthNext={true}
    isMonthPrev={false}
    isNonSelectable={false}
    isSelectable={true}
    isSelected={false}
    isSelectionEnd={false}
    isSelectionStart={false}
    isToday={false}
    isWeekend={true}
    isWorkday={false}
    key="2015-07-04"
  />
  <Day
    blockClassName="example-class"
    date="2015-07-05"
    handleOnClick={[MockFunction]}
    handleOnEnter={[MockFunction]}
    isCurrentMonth={false}
    isDisabled={false}
    isHighlighted={false}
    isMonthNext={true}
    isMonthPrev={false}
    isNonSelectable={false}
    isSelectable={true}
    isSelected={false}
    isSelectionEnd={false}
    isSelectionStart={false}
    isToday={false}
    isWeekend={true}
    isWorkday={false}
    key="2015-07-05"
  />
</div>
`

exports[`Week #render when prop \`date\` falls in the previous month renders <Week /> 1`] = `
<div
  className="example-class-week"
>
  <Day
    blockClassName="example-class"
    date="2015-07-27"
    handleOnClick={[MockFunction]}
    handleOnEnter={[MockFunction]}
    isCurrentMonth={false}
    isDisabled={false}
    isHighlighted={false}
    isMonthNext={false}
    isMonthPrev={true}
    isNonSelectable={false}
    isSelectable={true}
    isSelected={false}
    isSelectionEnd={false}
    isSelectionStart={false}
    isToday={false}
    isWeekend={false}
    isWorkday={true}
    key="2015-07-27"
  />
  <Day
    blockClassName="example-class"
    date="2015-07-28"
    handleOnClick={[MockFunction]}
    handleOnEnter={[MockFunction]}
    isCurrentMonth={false}
    isDisabled={false}
    isHighlighted={false}
    isMonthNext={false}
    isMonthPrev={true}
    isNonSelectable={false}
    isSelectable={true}
    isSelected={false}
    isSelectionEnd={false}
    isSelectionStart={false}
    isToday={false}
    isWeekend={false}
    isWorkday={true}
    key="2015-07-28"
  />
  <Day
    blockClassName="example-class"
    date="2015-07-29"
    handleOnClick={[MockFunction]}
    handleOnEnter={[MockFunction]}
    isCurrentMonth={false}
    isDisabled={false}
    isHighlighted={false}
    isMonthNext={false}
    isMonthPrev={true}
    isNonSelectable={false}
    isSelectable={true}
    isSelected={false}
    isSelectionEnd={false}
    isSelectionStart={false}
    isToday={false}
    isWeekend={false}
    isWorkday={true}
    key="2015-07-29"
  />
  <Day
    blockClassName="example-class"
    date="2015-07-30"
    handleOnClick={[MockFunction]}
    handleOnEnter={[MockFunction]}
    isCurrentMonth={false}
    isDisabled={false}
    isHighlighted={false}
    isMonthNext={false}
    isMonthPrev={true}
    isNonSelectable={false}
    isSelectable={true}
    isSelected={false}
    isSelectionEnd={false}
    isSelectionStart={false}
    isToday={false}
    isWeekend={false}
    isWorkday={true}
    key="2015-07-30"
  />
  <Day
    blockClassName="example-class"
    date="2015-07-31"
    handleOnClick={[MockFunction]}
    handleOnEnter={[MockFunction]}
    isCurrentMonth={false}
    isDisabled={false}
    isHighlighted={false}
    isMonthNext={false}
    isMonthPrev={true}
    isNonSelectable={false}
    isSelectable={true}
    isSelected={false}
    isSelectionEnd={false}
    isSelectionStart={false}
    isToday={false}
    isWeekend={false}
    isWorkday={true}
    key="2015-07-31"
  />
  <Day
    blockClassName="example-class"
    date="2015-08-01"
    handleOnClick={[MockFunction]}
    handleOnEnter={[MockFunction]}
    isCurrentMonth={true}
    isDisabled={false}
    isHighlighted={false}
    isMonthNext={false}
    isMonthPrev={false}
    isNonSelectable={false}
    isSelectable={true}
    isSelected={false}
    isSelectionEnd={false}
    isSelectionStart={false}
    isToday={false}
    isWeekend={true}
    isWorkday={false}
    key="2015-08-01"
  />
  <Day
    blockClassName="example-class"
    date="2015-08-02"
    handleOnClick={[MockFunction]}
    handleOnEnter={[MockFunction]}
    isCurrentMonth={true}
    isDisabled={false}
    isHighlighted={false}
    isMonthNext={false}
    isMonthPrev={false}
    isNonSelectable={false}
    isSelectable={true}
    isSelected={false}
    isSelectionEnd={false}
    isSelectionStart={false}
    isToday={false}
    isWeekend={true}
    isWorkday={false}
    key="2015-08-02"
  />
</div>
`

exports[`Week #render when prop \`date\` is different month renders <Week /> 1`] = `
<div
  className="example-class-week"
>
  <Day
    blockClassName="example-class"
    date="2015-06-29"
    handleOnClick={[MockFunction]}
    handleOnEnter={[MockFunction]}
    isCurrentMonth={false}
    isDisabled={false}
    isHighlighted={false}
    isMonthNext={false}
    isMonthPrev={true}
    isNonSelectable={false}
    isSelectable={true}
    isSelected={false}
    isSelectionEnd={false}
    isSelectionStart={false}
    isToday={false}
    isWeekend={false}
    isWorkday={true}
    key="2015-06-29"
  />
  <Day
    blockClassName="example-class"
    date="2015-06-30"
    handleOnClick={[MockFunction]}
    handleOnEnter={[MockFunction]}
    isCurrentMonth={false}
    isDisabled={false}
    isHighlighted={false}
    isMonthNext={false}
    isMonthPrev={true}
    isNonSelectable={false}
    isSelectable={true}
    isSelected={false}
    isSelectionEnd={false}
    isSelectionStart={false}
    isToday={false}
    isWeekend={false}
    isWorkday={true}
    key="2015-06-30"
  />
  <Day
    blockClassName="example-class"
    date="2015-07-01"
    handleOnClick={[MockFunction]}
    handleOnEnter={[MockFunction]}
    isCurrentMonth={false}
    isDisabled={false}
    isHighlighted={false}
    isMonthNext={false}
    isMonthPrev={true}
    isNonSelectable={false}
    isSelectable={true}
    isSelected={false}
    isSelectionEnd={false}
    isSelectionStart={false}
    isToday={false}
    isWeekend={false}
    isWorkday={true}
    key="2015-07-01"
  />
  <Day
    blockClassName="example-class"
    date="2015-07-02"
    handleOnClick={[MockFunction]}
    handleOnEnter={[MockFunction]}
    isCurrentMonth={false}
    isDisabled={false}
    isHighlighted={false}
    isMonthNext={false}
    isMonthPrev={true}
    isNonSelectable={false}
    isSelectable={true}
    isSelected={false}
    isSelectionEnd={false}
    isSelectionStart={false}
    isToday={false}
    isWeekend={false}
    isWorkday={true}
    key="2015-07-02"
  />
  <Day
    blockClassName="example-class"
    date="2015-07-03"
    handleOnClick={[MockFunction]}
    handleOnEnter={[MockFunction]}
    isCurrentMonth={false}
    isDisabled={false}
    isHighlighted={false}
    isMonthNext={false}
    isMonthPrev={true}
    isNonSelectable={false}
    isSelectable={true}
    isSelected={false}
    isSelectionEnd={false}
    isSelectionStart={false}
    isToday={false}
    isWeekend={false}
    isWorkday={true}
    key="2015-07-03"
  />
  <Day
    blockClassName="example-class"
    date="2015-07-04"
    handleOnClick={[MockFunction]}
    handleOnEnter={[MockFunction]}
    isCurrentMonth={false}
    isDisabled={false}
    isHighlighted={false}
    isMonthNext={false}
    isMonthPrev={true}
    isNonSelectable={false}
    isSelectable={true}
    isSelected={false}
    isSelectionEnd={false}
    isSelectionStart={false}
    isToday={false}
    isWeekend={true}
    isWorkday={false}
    key="2015-07-04"
  />
  <Day
    blockClassName="example-class"
    date="2015-07-05"
    handleOnClick={[MockFunction]}
    handleOnEnter={[MockFunction]}
    isCurrentMonth={false}
    isDisabled={false}
    isHighlighted={false}
    isMonthNext={false}
    isMonthPrev={true}
    isNonSelectable={false}
    isSelectable={true}
    isSelected={false}
    isSelectionEnd={false}
    isSelectionStart={false}
    isToday={false}
    isWeekend={true}
    isWorkday={false}
    key="2015-07-05"
  />
</div>
`

exports[`Week #render when prop \`dateDisabled\` renders <Week /> 1`] = `
<div
  className="example-class-week"
>
  <Day
    blockClassName="example-class"
    date="2015-06-29"
    handleOnClick={null}
    handleOnEnter={null}
    isCurrentMonth={true}
    isDisabled={false}
    isHighlighted={false}
    isMonthNext={false}
    isMonthPrev={false}
    isNonSelectable={true}
    isSelectable={false}
    isSelected={false}
    isSelectionEnd={false}
    isSelectionStart={false}
    isToday={false}
    isWeekend={false}
    isWorkday={true}
    key="2015-06-29"
  />
  <Day
    blockClassName="example-class"
    date="2015-06-30"
    handleOnClick={[MockFunction]}
    handleOnEnter={[MockFunction]}
    isCurrentMonth={true}
    isDisabled={false}
    isHighlighted={false}
    isMonthNext={false}
    isMonthPrev={false}
    isNonSelectable={false}
    isSelectable={true}
    isSelected={false}
    isSelectionEnd={false}
    isSelectionStart={false}
    isToday={false}
    isWeekend={false}
    isWorkday={true}
    key="2015-06-30"
  />
  <Day
    blockClassName="example-class"
    date="2015-07-01"
    handleOnClick={[MockFunction]}
    handleOnEnter={[MockFunction]}
    isCurrentMonth={false}
    isDisabled={false}
    isHighlighted={false}
    isMonthNext={true}
    isMonthPrev={false}
    isNonSelectable={false}
    isSelectable={true}
    isSelected={false}
    isSelectionEnd={false}
    isSelectionStart={false}
    isToday={false}
    isWeekend={false}
    isWorkday={true}
    key="2015-07-01"
  />
  <Day
    blockClassName="example-class"
    date="2015-07-02"
    handleOnClick={null}
    handleOnEnter={null}
    isCurrentMonth={false}
    isDisabled={false}
    isHighlighted={false}
    isMonthNext={true}
    isMonthPrev={false}
    isNonSelectable={true}
    isSelectable={false}
    isSelected={false}
    isSelectionEnd={false}
    isSelectionStart={false}
    isToday={false}
    isWeekend={false}
    isWorkday={true}
    key="2015-07-02"
  />
  <Day
    blockClassName="example-class"
    date="2015-07-03"
    handleOnClick={null}
    handleOnEnter={null}
    isCurrentMonth={false}
    isDisabled={false}
    isHighlighted={false}
    isMonthNext={true}
    isMonthPrev={false}
    isNonSelectable={true}
    isSelectable={false}
    isSelected={false}
    isSelectionEnd={false}
    isSelectionStart={false}
    isToday={false}
    isWeekend={false}
    isWorkday={true}
    key="2015-07-03"
  />
  <Day
    blockClassName="example-class"
    date="2015-07-04"
    handleOnClick={null}
    handleOnEnter={null}
    isCurrentMonth={false}
    isDisabled={false}
    isHighlighted={false}
    isMonthNext={true}
    isMonthPrev={false}
    isNonSelectable={true}
    isSelectable={false}
    isSelected={false}
    isSelectionEnd={false}
    isSelectionStart={false}
    isToday={false}
    isWeekend={true}
    isWorkday={false}
    key="2015-07-04"
  />
  <Day
    blockClassName="example-class"
    date="2015-07-05"
    handleOnClick={null}
    handleOnEnter={null}
    isCurrentMonth={false}
    isDisabled={false}
    isHighlighted={false}
    isMonthNext={true}
    isMonthPrev={false}
    isNonSelectable={true}
    isSelectable={false}
    isSelected={false}
    isSelectionEnd={false}
    isSelectionStart={false}
    isToday={false}
    isWeekend={true}
    isWorkday={false}
    key="2015-07-05"
  />
</div>
`

exports[`Week #render when prop \`disabledIntervals\` is defined renders <Week /> 1`] = `
<div
  className="example-class-week"
>
  <Day
    blockClassName="example-class"
    date="2015-08-17"
    handleOnClick={[MockFunction]}
    handleOnEnter={[MockFunction]}
    isCurrentMonth={true}
    isDisabled={false}
    isHighlighted={false}
    isMonthNext={false}
    isMonthPrev={false}
    isNonSelectable={false}
    isSelectable={true}
    isSelected={false}
    isSelectionEnd={false}
    isSelectionStart={false}
    isToday={true}
    isWeekend={false}
    isWorkday={true}
    key="2015-08-17"
  />
  <Day
    blockClassName="example-class"
    date="2015-08-18"
    handleOnClick={[MockFunction]}
    handleOnEnter={[MockFunction]}
    isCurrentMonth={true}
    isDisabled={false}
    isHighlighted={false}
    isMonthNext={false}
    isMonthPrev={false}
    isNonSelectable={false}
    isSelectable={true}
    isSelected={false}
    isSelectionEnd={false}
    isSelectionStart={false}
    isToday={false}
    isWeekend={false}
    isWorkday={true}
    key="2015-08-18"
  />
  <Day
    blockClassName="example-class"
    date="2015-08-19"
    handleOnClick={[MockFunction]}
    handleOnEnter={[MockFunction]}
    isCurrentMonth={true}
    isDisabled={false}
    isHighlighted={false}
    isMonthNext={false}
    isMonthPrev={false}
    isNonSelectable={false}
    isSelectable={true}
    isSelected={false}
    isSelectionEnd={false}
    isSelectionStart={false}
    isToday={false}
    isWeekend={false}
    isWorkday={true}
    key="2015-08-19"
  />
  <Day
    blockClassName="example-class"
    date="2015-08-20"
    handleOnClick={[MockFunction]}
    handleOnEnter={[MockFunction]}
    isCurrentMonth={true}
    isDisabled={false}
    isHighlighted={false}
    isMonthNext={false}
    isMonthPrev={false}
    isNonSelectable={false}
    isSelectable={true}
    isSelected={false}
    isSelectionEnd={false}
    isSelectionStart={false}
    isToday={false}
    isWeekend={false}
    isWorkday={true}
    key="2015-08-20"
  />
  <Day
    blockClassName="example-class"
    date="2015-08-21"
    handleOnClick={[MockFunction]}
    handleOnEnter={null}
    isCurrentMonth={true}
    isDisabled={true}
    isHighlighted={false}
    isMonthNext={false}
    isMonthPrev={false}
    isNonSelectable={true}
    isSelectable={false}
    isSelected={false}
    isSelectionEnd={false}
    isSelectionStart={false}
    isToday={false}
    isWeekend={false}
    isWorkday={true}
    key="2015-08-21"
  />
  <Day
    blockClassName="example-class"
    date="2015-08-22"
    handleOnClick={[MockFunction]}
    handleOnEnter={null}
    isCurrentMonth={true}
    isDisabled={true}
    isHighlighted={false}
    isMonthNext={false}
    isMonthPrev={false}
    isNonSelectable={true}
    isSelectable={false}
    isSelected={false}
    isSelectionEnd={false}
    isSelectionStart={false}
    isToday={false}
    isWeekend={true}
    isWorkday={false}
    key="2015-08-22"
  />
  <Day
    blockClassName="example-class"
    date="2015-08-23"
    handleOnClick={[MockFunction]}
    handleOnEnter={null}
    isCurrentMonth={true}
    isDisabled={true}
    isHighlighted={false}
    isMonthNext={false}
    isMonthPrev={false}
    isNonSelectable={true}
    isSelectable={false}
    isSelected={false}
    isSelectionEnd={false}
    isSelectionStart={false}
    isToday={false}
    isWeekend={true}
    isWorkday={false}
    key="2015-08-23"
  />
</div>
`

exports[`Week #render when prop \`highlightedStart\` and \`highlightedEnd\` are defined renders <Week /> 1`] = `
<div
  className="example-class-week"
>
  <Day
    blockClassName="example-class"
    date="2015-06-29"
    handleOnClick={[MockFunction]}
    handleOnEnter={[MockFunction]}
    isCurrentMonth={true}
    isDisabled={false}
    isHighlighted={true}
    isMonthNext={false}
    isMonthPrev={false}
    isNonSelectable={false}
    isSelectable={true}
    isSelected={false}
    isSelectionEnd={false}
    isSelectionStart={false}
    isToday={false}
    isWeekend={false}
    isWorkday={true}
    key="2015-06-29"
  />
  <Day
    blockClassName="example-class"
    date="2015-06-30"
    handleOnClick={[MockFunction]}
    handleOnEnter={[MockFunction]}
    isCurrentMonth={true}
    isDisabled={false}
    isHighlighted={true}
    isMonthNext={false}
    isMonthPrev={false}
    isNonSelectable={false}
    isSelectable={true}
    isSelected={false}
    isSelectionEnd={false}
    isSelectionStart={false}
    isToday={false}
    isWeekend={false}
    isWorkday={true}
    key="2015-06-30"
  />
  <Day
    blockClassName="example-class"
    date="2015-07-01"
    handleOnClick={[MockFunction]}
    handleOnEnter={[MockFunction]}
    isCurrentMonth={false}
    isDisabled={false}
    isHighlighted={true}
    isMonthNext={true}
    isMonthPrev={false}
    isNonSelectable={false}
    isSelectable={true}
    isSelected={false}
    isSelectionEnd={false}
    isSelectionStart={false}
    isToday={true}
    isWeekend={false}
    isWorkday={true}
    key="2015-07-01"
  />
  <Day
    blockClassName="example-class"
    date="2015-07-02"
    handleOnClick={[MockFunction]}
    handleOnEnter={[MockFunction]}
    isCurrentMonth={false}
    isDisabled={false}
    isHighlighted={false}
    isMonthNext={true}
    isMonthPrev={false}
    isNonSelectable={false}
    isSelectable={true}
    isSelected={false}
    isSelectionEnd={false}
    isSelectionStart={false}
    isToday={false}
    isWeekend={false}
    isWorkday={true}
    key="2015-07-02"
  />
  <Day
    blockClassName="example-class"
    date="2015-07-03"
    handleOnClick={[MockFunction]}
    handleOnEnter={[MockFunction]}
    isCurrentMonth={false}
    isDisabled={false}
    isHighlighted={false}
    isMonthNext={true}
    isMonthPrev={false}
    isNonSelectable={false}
    isSelectable={true}
    isSelected={false}
    isSelectionEnd={false}
    isSelectionStart={false}
    isToday={false}
    isWeekend={false}
    isWorkday={true}
    key="2015-07-03"
  />
  <Day
    blockClassName="example-class"
    date="2015-07-04"
    handleOnClick={[MockFunction]}
    handleOnEnter={[MockFunction]}
    isCurrentMonth={false}
    isDisabled={false}
    isHighlighted={false}
    isMonthNext={true}
    isMonthPrev={false}
    isNonSelectable={false}
    isSelectable={true}
    isSelected={false}
    isSelectionEnd={false}
    isSelectionStart={false}
    isToday={false}
    isWeekend={true}
    isWorkday={false}
    key="2015-07-04"
  />
  <Day
    blockClassName="example-class"
    date="2015-07-05"
    handleOnClick={[MockFunction]}
    handleOnEnter={[MockFunction]}
    isCurrentMonth={false}
    isDisabled={false}
    isHighlighted={false}
    isMonthNext={true}
    isMonthPrev={false}
    isNonSelectable={false}
    isSelectable={true}
    isSelected={false}
    isSelectionEnd={false}
    isSelectionStart={false}
    isToday={false}
    isWeekend={true}
    isWorkday={false}
    key="2015-07-05"
  />
</div>
`

exports[`Week #render when prop \`maxDate\` is defined renders <Week /> 1`] = `
<div
  className="example-class-week"
>
  <Day
    blockClassName="example-class"
    date="2015-06-29"
    handleOnClick={[MockFunction]}
    handleOnEnter={[MockFunction]}
    isCurrentMonth={true}
    isDisabled={false}
    isHighlighted={false}
    isMonthNext={false}
    isMonthPrev={false}
    isNonSelectable={false}
    isSelectable={true}
    isSelected={false}
    isSelectionEnd={false}
    isSelectionStart={false}
    isToday={false}
    isWeekend={false}
    isWorkday={true}
    key="2015-06-29"
  />
  <Day
    blockClassName="example-class"
    date="2015-06-30"
    handleOnClick={[MockFunction]}
    handleOnEnter={[MockFunction]}
    isCurrentMonth={true}
    isDisabled={false}
    isHighlighted={false}
    isMonthNext={false}
    isMonthPrev={false}
    isNonSelectable={false}
    isSelectable={true}
    isSelected={false}
    isSelectionEnd={false}
    isSelectionStart={false}
    isToday={false}
    isWeekend={false}
    isWorkday={true}
    key="2015-06-30"
  />
  <Day
    blockClassName="example-class"
    date="2015-07-01"
    handleOnClick={null}
    handleOnEnter={null}
    isCurrentMonth={false}
    isDisabled={false}
    isHighlighted={false}
    isMonthNext={true}
    isMonthPrev={false}
    isNonSelectable={true}
    isSelectable={false}
    isSelected={false}
    isSelectionEnd={false}
    isSelectionStart={false}
    isToday={false}
    isWeekend={false}
    isWorkday={true}
    key="2015-07-01"
  />
  <Day
    blockClassName="example-class"
    date="2015-07-02"
    handleOnClick={null}
    handleOnEnter={null}
    isCurrentMonth={false}
    isDisabled={false}
    isHighlighted={false}
    isMonthNext={true}
    isMonthPrev={false}
    isNonSelectable={true}
    isSelectable={false}
    isSelected={false}
    isSelectionEnd={false}
    isSelectionStart={false}
    isToday={false}
    isWeekend={false}
    isWorkday={true}
    key="2015-07-02"
  />
  <Day
    blockClassName="example-class"
    date="2015-07-03"
    handleOnClick={null}
    handleOnEnter={null}
    isCurrentMonth={false}
    isDisabled={false}
    isHighlighted={false}
    isMonthNext={true}
    isMonthPrev={false}
    isNonSelectable={true}
    isSelectable={false}
    isSelected={false}
    isSelectionEnd={false}
    isSelectionStart={false}
    isToday={false}
    isWeekend={false}
    isWorkday={true}
    key="2015-07-03"
  />
  <Day
    blockClassName="example-class"
    date="2015-07-04"
    handleOnClick={null}
    handleOnEnter={null}
    isCurrentMonth={false}
    isDisabled={false}
    isHighlighted={false}
    isMonthNext={true}
    isMonthPrev={false}
    isNonSelectable={true}
    isSelectable={false}
    isSelected={false}
    isSelectionEnd={false}
    isSelectionStart={false}
    isToday={false}
    isWeekend={true}
    isWorkday={false}
    key="2015-07-04"
  />
  <Day
    blockClassName="example-class"
    date="2015-07-05"
    handleOnClick={null}
    handleOnEnter={null}
    isCurrentMonth={false}
    isDisabled={false}
    isHighlighted={false}
    isMonthNext={true}
    isMonthPrev={false}
    isNonSelectable={true}
    isSelectable={false}
    isSelected={false}
    isSelectionEnd={false}
    isSelectionStart={false}
    isToday={false}
    isWeekend={true}
    isWorkday={false}
    key="2015-07-05"
  />
</div>
`

exports[`Week #render when prop \`minDate\` is defined renders <Week /> 1`] = `
<div
  className="example-class-week"
>
  <Day
    blockClassName="example-class"
    date="2015-06-29"
    handleOnClick={null}
    handleOnEnter={null}
    isCurrentMonth={true}
    isDisabled={false}
    isHighlighted={false}
    isMonthNext={false}
    isMonthPrev={false}
    isNonSelectable={true}
    isSelectable={false}
    isSelected={false}
    isSelectionEnd={false}
    isSelectionStart={false}
    isToday={false}
    isWeekend={false}
    isWorkday={true}
    key="2015-06-29"
  />
  <Day
    blockClassName="example-class"
    date="2015-06-30"
    handleOnClick={[MockFunction]}
    handleOnEnter={[MockFunction]}
    isCurrentMonth={true}
    isDisabled={false}
    isHighlighted={false}
    isMonthNext={false}
    isMonthPrev={false}
    isNonSelectable={false}
    isSelectable={true}
    isSelected={false}
    isSelectionEnd={false}
    isSelectionStart={false}
    isToday={false}
    isWeekend={false}
    isWorkday={true}
    key="2015-06-30"
  />
  <Day
    blockClassName="example-class"
    date="2015-07-01"
    handleOnClick={[MockFunction]}
    handleOnEnter={[MockFunction]}
    isCurrentMonth={false}
    isDisabled={false}
    isHighlighted={false}
    isMonthNext={true}
    isMonthPrev={false}
    isNonSelectable={false}
    isSelectable={true}
    isSelected={false}
    isSelectionEnd={false}
    isSelectionStart={false}
    isToday={false}
    isWeekend={false}
    isWorkday={true}
    key="2015-07-01"
  />
  <Day
    blockClassName="example-class"
    date="2015-07-02"
    handleOnClick={[MockFunction]}
    handleOnEnter={[MockFunction]}
    isCurrentMonth={false}
    isDisabled={false}
    isHighlighted={false}
    isMonthNext={true}
    isMonthPrev={false}
    isNonSelectable={false}
    isSelectable={true}
    isSelected={false}
    isSelectionEnd={false}
    isSelectionStart={false}
    isToday={false}
    isWeekend={false}
    isWorkday={true}
    key="2015-07-02"
  />
  <Day
    blockClassName="example-class"
    date="2015-07-03"
    handleOnClick={[MockFunction]}
    handleOnEnter={[MockFunction]}
    isCurrentMonth={false}
    isDisabled={false}
    isHighlighted={false}
    isMonthNext={true}
    isMonthPrev={false}
    isNonSelectable={false}
    isSelectable={true}
    isSelected={false}
    isSelectionEnd={false}
    isSelectionStart={false}
    isToday={false}
    isWeekend={false}
    isWorkday={true}
    key="2015-07-03"
  />
  <Day
    blockClassName="example-class"
    date="2015-07-04"
    handleOnClick={[MockFunction]}
    handleOnEnter={[MockFunction]}
    isCurrentMonth={false}
    isDisabled={false}
    isHighlighted={false}
    isMonthNext={true}
    isMonthPrev={false}
    isNonSelectable={false}
    isSelectable={true}
    isSelected={false}
    isSelectionEnd={false}
    isSelectionStart={false}
    isToday={false}
    isWeekend={true}
    isWorkday={false}
    key="2015-07-04"
  />
  <Day
    blockClassName="example-class"
    date="2015-07-05"
    handleOnClick={[MockFunction]}
    handleOnEnter={[MockFunction]}
    isCurrentMonth={false}
    isDisabled={false}
    isHighlighted={false}
    isMonthNext={true}
    isMonthPrev={false}
    isNonSelectable={false}
    isSelectable={true}
    isSelected={false}
    isSelectionEnd={false}
    isSelectionStart={false}
    isToday={false}
    isWeekend={true}
    isWorkday={false}
    key="2015-07-05"
  />
</div>
`

exports[`Week #render when prop \`selectedMin\` and \`selectedMax\` are defined renders <Week /> 1`] = `
<div
  className="example-class-week"
>
  <Day
    blockClassName="example-class"
    date="2015-06-29"
    handleOnClick={[MockFunction]}
    handleOnEnter={[MockFunction]}
    isCurrentMonth={true}
    isDisabled={false}
    isHighlighted={false}
    isMonthNext={false}
    isMonthPrev={false}
    isNonSelectable={false}
    isSelectable={true}
    isSelected={false}
    isSelectionEnd={false}
    isSelectionStart={false}
    isToday={false}
    isWeekend={false}
    isWorkday={true}
    key="2015-06-29"
  />
  <Day
    blockClassName="example-class"
    date="2015-06-30"
    handleOnClick={[MockFunction]}
    handleOnEnter={[MockFunction]}
    isCurrentMonth={true}
    isDisabled={false}
    isHighlighted={false}
    isMonthNext={false}
    isMonthPrev={false}
    isNonSelectable={false}
    isSelectable={true}
    isSelected={true}
    isSelectionEnd={false}
    isSelectionStart={true}
    isToday={false}
    isWeekend={false}
    isWorkday={true}
    key="2015-06-30"
  />
  <Day
    blockClassName="example-class"
    date="2015-07-01"
    handleOnClick={[MockFunction]}
    handleOnEnter={[MockFunction]}
    isCurrentMonth={false}
    isDisabled={false}
    isHighlighted={false}
    isMonthNext={true}
    isMonthPrev={false}
    isNonSelectable={false}
    isSelectable={true}
    isSelected={true}
    isSelectionEnd={false}
    isSelectionStart={false}
    isToday={false}
    isWeekend={false}
    isWorkday={true}
    key="2015-07-01"
  />
  <Day
    blockClassName="example-class"
    date="2015-07-02"
    handleOnClick={[MockFunction]}
    handleOnEnter={[MockFunction]}
    isCurrentMonth={false}
    isDisabled={false}
    isHighlighted={false}
    isMonthNext={true}
    isMonthPrev={false}
    isNonSelectable={false}
    isSelectable={true}
    isSelected={true}
    isSelectionEnd={true}
    isSelectionStart={false}
    isToday={false}
    isWeekend={false}
    isWorkday={true}
    key="2015-07-02"
  />
  <Day
    blockClassName="example-class"
    date="2015-07-03"
    handleOnClick={[MockFunction]}
    handleOnEnter={[MockFunction]}
    isCurrentMonth={false}
    isDisabled={false}
    isHighlighted={false}
    isMonthNext={true}
    isMonthPrev={false}
    isNonSelectable={false}
    isSelectable={true}
    isSelected={false}
    isSelectionEnd={false}
    isSelectionStart={false}
    isToday={false}
    isWeekend={false}
    isWorkday={true}
    key="2015-07-03"
  />
  <Day
    blockClassName="example-class"
    date="2015-07-04"
    handleOnClick={[MockFunction]}
    handleOnEnter={[MockFunction]}
    isCurrentMonth={false}
    isDisabled={false}
    isHighlighted={false}
    isMonthNext={true}
    isMonthPrev={false}
    isNonSelectable={false}
    isSelectable={true}
    isSelected={false}
    isSelectionEnd={false}
    isSelectionStart={false}
    isToday={false}
    isWeekend={true}
    isWorkday={false}
    key="2015-07-04"
  />
  <Day
    blockClassName="example-class"
    date="2015-07-05"
    handleOnClick={[MockFunction]}
    handleOnEnter={[MockFunction]}
    isCurrentMonth={false}
    isDisabled={false}
    isHighlighted={false}
    isMonthNext={true}
    isMonthPrev={false}
    isNonSelectable={false}
    isSelectable={true}
    isSelected={false}
    isSelectionEnd={false}
    isSelectionStart={false}
    isToday={false}
    isWeekend={true}
    isWorkday={false}
    key="2015-07-05"
  />
</div>
`

exports[`Week #render when prop \`selectedMin\` and \`selectedMax\` are defined renders <Week /> 2`] = `
<div
  className="example-class-week"
>
  <Day
    blockClassName="example-class"
    date="2015-06-29"
    handleOnClick={null}
    handleOnEnter={null}
    isCurrentMonth={true}
    isDisabled={false}
    isHighlighted={false}
    isMonthNext={false}
    isMonthPrev={false}
    isNonSelectable={true}
    isSelectable={false}
    isSelected={false}
    isSelectionEnd={false}
    isSelectionStart={false}
    isToday={false}
    isWeekend={false}
    isWorkday={true}
    key="2015-06-29"
  />
  <Day
    blockClassName="example-class"
    date="2015-06-30"
    handleOnClick={[MockFunction]}
    handleOnEnter={[MockFunction]}
    isCurrentMonth={true}
    isDisabled={false}
    isHighlighted={false}
    isMonthNext={false}
    isMonthPrev={false}
    isNonSelectable={false}
    isSelectable={true}
    isSelected={false}
    isSelectionEnd={false}
    isSelectionStart={false}
    isToday={false}
    isWeekend={false}
    isWorkday={true}
    key="2015-06-30"
  />
  <Day
    blockClassName="example-class"
    date="2015-07-01"
    handleOnClick={[MockFunction]}
    handleOnEnter={[MockFunction]}
    isCurrentMonth={false}
    isDisabled={false}
    isHighlighted={false}
    isMonthNext={true}
    isMonthPrev={false}
    isNonSelectable={false}
    isSelectable={true}
    isSelected={false}
    isSelectionEnd={false}
    isSelectionStart={false}
    isToday={false}
    isWeekend={false}
    isWorkday={true}
    key="2015-07-01"
  />
  <Day
    blockClassName="example-class"
    date="2015-07-02"
    handleOnClick={null}
    handleOnEnter={null}
    isCurrentMonth={false}
    isDisabled={false}
    isHighlighted={false}
    isMonthNext={true}
    isMonthPrev={false}
    isNonSelectable={true}
    isSelectable={false}
    isSelected={false}
    isSelectionEnd={false}
    isSelectionStart={false}
    isToday={false}
    isWeekend={false}
    isWorkday={true}
    key="2015-07-02"
  />
  <Day
    blockClassName="example-class"
    date="2015-07-03"
    handleOnClick={null}
    handleOnEnter={null}
    isCurrentMonth={false}
    isDisabled={false}
    isHighlighted={false}
    isMonthNext={true}
    isMonthPrev={false}
    isNonSelectable={true}
    isSelectable={false}
    isSelected={false}
    isSelectionEnd={false}
    isSelectionStart={false}
    isToday={false}
    isWeekend={false}
    isWorkday={true}
    key="2015-07-03"
  />
  <Day
    blockClassName="example-class"
    date="2015-07-04"
    handleOnClick={null}
    handleOnEnter={null}
    isCurrentMonth={false}
    isDisabled={false}
    isHighlighted={false}
    isMonthNext={true}
    isMonthPrev={false}
    isNonSelectable={true}
    isSelectable={false}
    isSelected={false}
    isSelectionEnd={false}
    isSelectionStart={false}
    isToday={false}
    isWeekend={true}
    isWorkday={false}
    key="2015-07-04"
  />
  <Day
    blockClassName="example-class"
    date="2015-07-05"
    handleOnClick={null}
    handleOnEnter={null}
    isCurrentMonth={false}
    isDisabled={false}
    isHighlighted={false}
    isMonthNext={true}
    isMonthPrev={false}
    isNonSelectable={true}
    isSelectable={false}
    isSelected={false}
    isSelectionEnd={false}
    isSelectionStart={false}
    isToday={false}
    isWeekend={true}
    isWorkday={false}
    key="2015-07-05"
  />
</div>
`

exports[
  `Week #render when prop \`selectedMin\` and \`selectedMax\` are defined when prop \`selectedMin\` and \`selectedMax\` are the same day renders <Week /> 1`
] = `
<div
  className="example-class-week"
>
  <Day
    blockClassName="example-class"
    date="2015-06-29"
    handleOnClick={[MockFunction]}
    handleOnEnter={[MockFunction]}
    isCurrentMonth={true}
    isDisabled={false}
    isHighlighted={false}
    isMonthNext={false}
    isMonthPrev={false}
    isNonSelectable={false}
    isSelectable={true}
    isSelected={false}
    isSelectionEnd={false}
    isSelectionStart={false}
    isToday={false}
    isWeekend={false}
    isWorkday={true}
    key="2015-06-29"
  />
  <Day
    blockClassName="example-class"
    date="2015-06-30"
    handleOnClick={[MockFunction]}
    handleOnEnter={[MockFunction]}
    isCurrentMonth={true}
    isDisabled={false}
    isHighlighted={false}
    isMonthNext={false}
    isMonthPrev={false}
    isNonSelectable={false}
    isSelectable={true}
    isSelected={true}
    isSelectionEnd={true}
    isSelectionStart={true}
    isToday={false}
    isWeekend={false}
    isWorkday={true}
    key="2015-06-30"
  />
  <Day
    blockClassName="example-class"
    date="2015-07-01"
    handleOnClick={[MockFunction]}
    handleOnEnter={[MockFunction]}
    isCurrentMonth={false}
    isDisabled={false}
    isHighlighted={false}
    isMonthNext={true}
    isMonthPrev={false}
    isNonSelectable={false}
    isSelectable={true}
    isSelected={false}
    isSelectionEnd={false}
    isSelectionStart={false}
    isToday={false}
    isWeekend={false}
    isWorkday={true}
    key="2015-07-01"
  />
  <Day
    blockClassName="example-class"
    date="2015-07-02"
    handleOnClick={[MockFunction]}
    handleOnEnter={[MockFunction]}
    isCurrentMonth={false}
    isDisabled={false}
    isHighlighted={false}
    isMonthNext={true}
    isMonthPrev={false}
    isNonSelectable={false}
    isSelectable={true}
    isSelected={false}
    isSelectionEnd={false}
    isSelectionStart={false}
    isToday={false}
    isWeekend={false}
    isWorkday={true}
    key="2015-07-02"
  />
  <Day
    blockClassName="example-class"
    date="2015-07-03"
    handleOnClick={[MockFunction]}
    handleOnEnter={[MockFunction]}
    isCurrentMonth={false}
    isDisabled={false}
    isHighlighted={false}
    isMonthNext={true}
    isMonthPrev={false}
    isNonSelectable={false}
    isSelectable={true}
    isSelected={false}
    isSelectionEnd={false}
    isSelectionStart={false}
    isToday={false}
    isWeekend={false}
    isWorkday={true}
    key="2015-07-03"
  />
  <Day
    blockClassName="example-class"
    date="2015-07-04"
    handleOnClick={[MockFunction]}
    handleOnEnter={[MockFunction]}
    isCurrentMonth={false}
    isDisabled={false}
    isHighlighted={false}
    isMonthNext={true}
    isMonthPrev={false}
    isNonSelectable={false}
    isSelectable={true}
    isSelected={false}
    isSelectionEnd={false}
    isSelectionStart={false}
    isToday={false}
    isWeekend={true}
    isWorkday={false}
    key="2015-07-04"
  />
  <Day
    blockClassName="example-class"
    date="2015-07-05"
    handleOnClick={[MockFunction]}
    handleOnEnter={[MockFunction]}
    isCurrentMonth={false}
    isDisabled={false}
    isHighlighted={false}
    isMonthNext={true}
    isMonthPrev={false}
    isNonSelectable={false}
    isSelectable={true}
    isSelected={false}
    isSelectionEnd={false}
    isSelectionStart={false}
    isToday={false}
    isWeekend={true}
    isWorkday={false}
    key="2015-07-05"
  />
</div>
`
